Component: Arm Compiler for Embedded 6.24 Tool: armlink [5f371500]

==============================================================================

Section Cross References

    startup_stm32u575xx.o(STACK) refers (Special) to heapauxi.o(.text) for __use_two_region_memory
    startup_stm32u575xx.o(HEAP) refers (Special) to heapauxi.o(.text) for __use_two_region_memory
    startup_stm32u575xx.o(RESET) refers (Special) to heapauxi.o(.text) for __use_two_region_memory
    startup_stm32u575xx.o(RESET) refers to startup_stm32u575xx.o(STACK) for __initial_sp
    startup_stm32u575xx.o(RESET) refers to startup_stm32u575xx.o(.text) for Reset_Handler
    startup_stm32u575xx.o(RESET) refers to stm32u5xx_it.o(.text.NMI_Handler) for NMI_Handler
    startup_stm32u575xx.o(RESET) refers to stm32u5xx_it.o(.text.HardFault_Handler) for HardFault_Handler
    startup_stm32u575xx.o(RESET) refers to stm32u5xx_it.o(.text.MemManage_Handler) for MemManage_Handler
    startup_stm32u575xx.o(RESET) refers to stm32u5xx_it.o(.text.BusFault_Handler) for BusFault_Handler
    startup_stm32u575xx.o(RESET) refers to stm32u5xx_it.o(.text.UsageFault_Handler) for UsageFault_Handler
    startup_stm32u575xx.o(RESET) refers to stm32u5xx_it.o(.text.SVC_Handler) for SVC_Handler
    startup_stm32u575xx.o(RESET) refers to stm32u5xx_it.o(.text.DebugMon_Handler) for DebugMon_Handler
    startup_stm32u575xx.o(RESET) refers to stm32u5xx_it.o(.text.PendSV_Handler) for PendSV_Handler
    startup_stm32u575xx.o(RESET) refers to stm32u5xx_it.o(.text.SysTick_Handler) for SysTick_Handler
    startup_stm32u575xx.o(RESET) refers to stm32u5xx_it.o(.text.USART1_IRQHandler) for USART1_IRQHandler
    startup_stm32u575xx.o(RESET) refers to stm32u5xx_it.o(.text.USART3_IRQHandler) for USART3_IRQHandler
    startup_stm32u575xx.o(.text) refers (Special) to heapauxi.o(.text) for __use_two_region_memory
    startup_stm32u575xx.o(.text) refers to system_stm32u5xx.o(.text.SystemInit) for SystemInit
    startup_stm32u575xx.o(.text) refers to __main.o(!!!main) for __main
    startup_stm32u575xx.o(.text) refers to startup_stm32u575xx.o(HEAP) for Heap_Mem
    startup_stm32u575xx.o(.text) refers to startup_stm32u575xx.o(STACK) for Stack_Mem
    main.o(.text.main) refers to stm32u5xx_hal.o(.text.HAL_Init) for HAL_Init
    main.o(.text.main) refers to rt_memclr_w.o(.text) for __aeabi_memclr4
    main.o(.text.main) refers to stm32u5xx_hal_pwr_ex.o(.text.HAL_PWREx_ControlVoltageScaling) for HAL_PWREx_ControlVoltageScaling
    main.o(.text.main) refers to stm32u5xx_hal_rcc.o(.text.HAL_RCC_OscConfig) for HAL_RCC_OscConfig
    main.o(.text.main) refers to stm32u5xx_hal_rcc.o(.text.HAL_RCC_ClockConfig) for HAL_RCC_ClockConfig
    main.o(.text.main) refers to main.o(.bss.huart3) for huart3
    main.o(.text.main) refers to stm32u5xx_hal_uart.o(.text.HAL_UART_Init) for HAL_UART_Init
    main.o(.text.main) refers to stm32u5xx_hal_uart_ex.o(.text.HAL_UARTEx_SetTxFifoThreshold) for HAL_UARTEx_SetTxFifoThreshold
    main.o(.text.main) refers to stm32u5xx_hal_uart_ex.o(.text.HAL_UARTEx_SetRxFifoThreshold) for HAL_UARTEx_SetRxFifoThreshold
    main.o(.text.main) refers to stm32u5xx_hal_uart_ex.o(.text.HAL_UARTEx_DisableFifoMode) for HAL_UARTEx_DisableFifoMode
    main.o(.text.main) refers to main.o(.bss.huart1) for huart1
    main.o(.text.main) refers to stm32u5xx_hal_cortex.o(.text.HAL_NVIC_DisableIRQ) for HAL_NVIC_DisableIRQ
    main.o(.text.main) refers to stm32u5xx_hal.o(.text.HAL_Delay) for HAL_Delay
    main.o(.text.main) refers to main.o(.bss..L_MergedGlobals) for .L_MergedGlobals
    main.o(.text.main) refers to rt_memcpy_v6.o(.text) for __aeabi_memcpy
    main.o(.text.main) refers to stm32u5xx_hal_uart.o(.text.HAL_UART_Transmit) for HAL_UART_Transmit
    main.o(.text.main) refers to stm32u5xx_hal_uart.o(.text.HAL_UART_Receive) for HAL_UART_Receive
    main.o(.text.main) refers to stm32u5xx_hal.o(.text.HAL_GetTick) for HAL_GetTick
    main.o(.ARM.exidx.text.main) refers to main.o(.text.main) for [Anonymous Symbol]
    main.o(.text.SystemClock_Config) refers to rt_memclr_w.o(.text) for __aeabi_memclr4
    main.o(.text.SystemClock_Config) refers to stm32u5xx_hal_pwr_ex.o(.text.HAL_PWREx_ControlVoltageScaling) for HAL_PWREx_ControlVoltageScaling
    main.o(.text.SystemClock_Config) refers to stm32u5xx_hal_rcc.o(.text.HAL_RCC_OscConfig) for HAL_RCC_OscConfig
    main.o(.text.SystemClock_Config) refers to stm32u5xx_hal_rcc.o(.text.HAL_RCC_ClockConfig) for HAL_RCC_ClockConfig
    main.o(.ARM.exidx.text.SystemClock_Config) refers to main.o(.text.SystemClock_Config) for [Anonymous Symbol]
    main.o(.ARM.exidx.text.Error_Handler) refers to main.o(.text.Error_Handler) for [Anonymous Symbol]
    stm32u5xx_it.o(.ARM.exidx.text.NMI_Handler) refers to stm32u5xx_it.o(.text.NMI_Handler) for [Anonymous Symbol]
    stm32u5xx_it.o(.ARM.exidx.text.HardFault_Handler) refers to stm32u5xx_it.o(.text.HardFault_Handler) for [Anonymous Symbol]
[...]
    Removing stm32u5xx_hal_uart.o(.text.UART_TxISR_16BIT), (204 bytes).
    Removing stm32u5xx_hal_uart.o(.ARM.exidx.text.UART_TxISR_16BIT), (8 bytes).
    Removing stm32u5xx_hal_uart.o(.text.UART_TxISR_8BIT), (200 bytes).
    Removing stm32u5xx_hal_uart.o(.ARM.exidx.text.UART_TxISR_8BIT), (8 bytes).
    Removing stm32u5xx_hal_uart.o(.text.HAL_UART_Receive_IT), (194 bytes).
    Removing stm32u5xx_hal_uart.o(.ARM.exidx.text.HAL_UART_Receive_IT), (8 bytes).
    Removing stm32u5xx_hal_uart.o(.text.UART_Start_Receive_IT), (610 bytes).
    Removing stm32u5xx_hal_uart.o(.ARM.exidx.text.UART_Start_Receive_IT), (8 bytes).
    Removing stm32u5xx_hal_uart.o(.text.HAL_UART_Transmit_DMA), (300 bytes).
    Removing stm32u5xx_hal_uart.o(.ARM.exidx.text.HAL_UART_Transmit_DMA), (8 bytes).
    Removing stm32u5xx_hal_uart.o(.text.UART_DMATransmitCplt), (100 bytes).
    Removing stm32u5xx_hal_uart.o(.ARM.exidx.text.UART_DMATransmitCplt), (8 bytes).
    Removing stm32u5xx_hal_uart.o(.text.UART_DMATxHalfCplt), (6 bytes).
    Removing stm32u5xx_hal_uart.o(.ARM.exidx.text.UART_DMATxHalfCplt), (8 bytes).
    Removing stm32u5xx_hal_uart.o(.text.UART_DMAError), (474 bytes).
    Removing stm32u5xx_hal_uart.o(.ARM.exidx.text.UART_DMAError), (8 bytes).
    Removing stm32u5xx_hal_uart.o(.text.HAL_UART_Receive_DMA), (174 bytes).
    Removing stm32u5xx_hal_uart.o(.ARM.exidx.text.HAL_UART_Receive_DMA), (8 bytes).
    Removing stm32u5xx_hal_uart.o(.text.UART_Start_Receive_DMA), (390 bytes).
    Removing stm32u5xx_hal_uart.o(.ARM.exidx.text.UART_Start_Receive_DMA), (8 bytes).
    Removing stm32u5xx_hal_uart.o(.text.HAL_UART_DMAPause), (268 bytes).
    Removing stm32u5xx_hal_uart.o(.ARM.exidx.text.HAL_UART_DMAPause), (8 bytes).
    Removing stm32u5xx_hal_uart.o(.text.HAL_UART_DMAResume), (220 bytes).
    Removing stm32u5xx_hal_uart.o(.ARM.exidx.text.HAL_UART_DMAResume), (8 bytes).
    Removing stm32u5xx_hal_uart.o(.text.HAL_UART_DMAStop), (652 bytes).
    Removing stm32u5xx_hal_uart.o(.ARM.exidx.text.HAL_UART_DMAStop), (8 bytes).
    Removing stm32u5xx_hal_uart.o(.text.HAL_UART_Abort), (372 bytes).
    Removing stm32u5xx_hal_uart.o(.ARM.exidx.text.HAL_UART_Abort), (8 bytes).
    Removing stm32u5xx_hal_uart.o(.text.HAL_UART_AbortTransmit), (230 bytes).
    Removing stm32u5xx_hal_uart.o(.ARM.exidx.text.HAL_UART_AbortTransmit), (8 bytes).
    Removing stm32u5xx_hal_uart.o(.text.HAL_UART_AbortReceive), (310 bytes).
    Removing stm32u5xx_hal_uart.o(.ARM.exidx.text.HAL_UART_AbortReceive), (8 bytes).
    Removing stm32u5xx_hal_uart.o(.text.HAL_UART_Abort_IT), (424 bytes).
    Removing stm32u5xx_hal_uart.o(.ARM.exidx.text.HAL_UART_Abort_IT), (8 bytes).
    Removing stm32u5xx_hal_uart.o(.text.UART_DMATxAbortCallback), (72 bytes).
    Removing stm32u5xx_hal_uart.o(.ARM.exidx.text.UART_DMATxAbortCallback), (8 bytes).
    Removing stm32u5xx_hal_uart.o(.text.UART_DMARxAbortCallback), (62 bytes).
    Removing stm32u5xx_hal_uart.o(.ARM.exidx.text.UART_DMARxAbortCallback), (8 bytes).
    Removing stm32u5xx_hal_uart.o(.text.HAL_UART_AbortCpltCallback), (2 bytes).
    Removing stm32u5xx_hal_uart.o(.ARM.exidx.text.HAL_UART_AbortCpltCallback), (8 bytes).
    Removing stm32u5xx_hal_uart.o(.text.HAL_UART_AbortTransmit_IT), (246 bytes).
    Removing stm32u5xx_hal_uart.o(.ARM.exidx.text.HAL_UART_AbortTransmit_IT), (8 bytes).
    Removing stm32u5xx_hal_uart.o(.text.UART_DMATxOnlyAbortCallback), (36 bytes).
    Removing stm32u5xx_hal_uart.o(.ARM.exidx.text.UART_DMATxOnlyAbortCallback), (8 bytes).
    Removing stm32u5xx_hal_uart.o(.text.HAL_UART_AbortTransmitCpltCallback), (2 bytes).
    Removing stm32u5xx_hal_uart.o(.ARM.exidx.text.HAL_UART_AbortTransmitCpltCallback), (8 bytes).
    Removing stm32u5xx_hal_uart.o(.text.HAL_UART_AbortReceive_IT), (332 bytes).
    Removing stm32u5xx_hal_uart.o(.ARM.exidx.text.HAL_UART_AbortReceive_IT), (8 bytes).
    Removing stm32u5xx_hal_uart.o(.text.UART_DMARxOnlyAbortCallback), (34 bytes).
    Removing stm32u5xx_hal_uart.o(.ARM.exidx.text.UART_DMARxOnlyAbortCallback), (8 bytes).
    Removing stm32u5xx_hal_uart.o(.text.HAL_UART_AbortReceiveCpltCallback), (2 bytes).
    Removing stm32u5xx_hal_uart.o(.ARM.exidx.text.HAL_UART_AbortReceiveCpltCallback), (8 bytes).
    Removing stm32u5xx_hal_uart.o(.ARM.exidx.text.HAL_UART_IRQHandler), (8 bytes).
    Removing stm32u5xx_hal_uart.o(.ARM.exidx.text.UART_DMAAbortOnError), (8 bytes).
    Removing stm32u5xx_hal_uart.o(.ARM.exidx.text.HAL_UART_ErrorCallback), (8 bytes).
    Removing stm32u5xx_hal_uart.o(.ARM.exidx.text.HAL_UARTEx_RxEventCallback), (8 bytes).
    Removing stm32u5xx_hal_uart.o(.ARM.exidx.text.HAL_UART_TxCpltCallback), (8 bytes).
    Removing stm32u5xx_hal_uart.o(.text.HAL_UART_TxHalfCpltCallback), (2 bytes).
    Removing stm32u5xx_hal_uart.o(.ARM.exidx.text.HAL_UART_TxHalfCpltCallback), (8 bytes).
    Removing stm32u5xx_hal_uart.o(.text.HAL_UART_RxCpltCallback), (2 bytes).
    Removing stm32u5xx_hal_uart.o(.ARM.exidx.text.HAL_UART_RxCpltCallback), (8 bytes).
    Removing stm32u5xx_hal_uart.o(.text.HAL_UART_RxHalfCpltCallback), (2 bytes).
    Removing stm32u5xx_hal_uart.o(.ARM.exidx.text.HAL_UART_RxHalfCpltCallback), (8 bytes).
    Removing stm32u5xx_hal_uart.o(.text.HAL_UART_ReceiverTimeout_Config), (32 bytes).
    Removing stm32u5xx_hal_uart.o(.ARM.exidx.text.HAL_UART_ReceiverTimeout_Config), (8 bytes).
    Removing stm32u5xx_hal_uart.o(.text.HAL_UART_EnableReceiverTimeout), (74 bytes).
    Removing stm32u5xx_hal_uart.o(.ARM.exidx.text.HAL_UART_EnableReceiverTimeout), (8 bytes).
    Removing stm32u5xx_hal_uart.o(.text.HAL_UART_DisableReceiverTimeout), (74 bytes).
    Removing stm32u5xx_hal_uart.o(.ARM.exidx.text.HAL_UART_DisableReceiverTimeout), (8 bytes).
    Removing stm32u5xx_hal_uart.o(.text.HAL_MultiProcessor_EnableMuteMode), (108 bytes).
    Removing stm32u5xx_hal_uart.o(.ARM.exidx.text.HAL_MultiProcessor_EnableMuteMode), (8 bytes).
    Removing stm32u5xx_hal_uart.o(.text.HAL_MultiProcessor_DisableMuteMode), (108 bytes).
    Removing stm32u5xx_hal_uart.o(.ARM.exidx.text.HAL_MultiProcessor_DisableMuteMode), (8 bytes).
    Removing stm32u5xx_hal_uart.o(.text.HAL_MultiProcessor_EnterMuteMode), (12 bytes).
    Removing stm32u5xx_hal_uart.o(.ARM.exidx.text.HAL_MultiProcessor_EnterMuteMode), (8 bytes).
    Removing stm32u5xx_hal_uart.o(.text.HAL_HalfDuplex_EnableTransmitter), (190 bytes).
    Removing stm32u5xx_hal_uart.o(.ARM.exidx.text.HAL_HalfDuplex_EnableTransmitter), (8 bytes).
    Removing stm32u5xx_hal_uart.o(.text.HAL_HalfDuplex_EnableReceiver), (190 bytes).
    Removing stm32u5xx_hal_uart.o(.ARM.exidx.text.HAL_HalfDuplex_EnableReceiver), (8 bytes).
    Removing stm32u5xx_hal_uart.o(.text.HAL_LIN_SendBreak), (44 bytes).
    Removing stm32u5xx_hal_uart.o(.ARM.exidx.text.HAL_LIN_SendBreak), (8 bytes).
    Removing stm32u5xx_hal_uart.o(.text.HAL_UART_GetState), (12 bytes).
    Removing stm32u5xx_hal_uart.o(.ARM.exidx.text.HAL_UART_GetState), (8 bytes).
    Removing stm32u5xx_hal_uart.o(.text.HAL_UART_GetError), (6 bytes).
    Removing stm32u5xx_hal_uart.o(.ARM.exidx.text.HAL_UART_GetError), (8 bytes).
    Removing stm32u5xx_hal_uart.o(.text.UART_RxISR_16BIT_FIFOEN), (804 bytes).
    Removing stm32u5xx_hal_uart.o(.ARM.exidx.text.UART_RxISR_16BIT_FIFOEN), (8 bytes).
    Removing stm32u5xx_hal_uart.o(.text.UART_RxISR_8BIT_FIFOEN), (808 bytes).
    Removing stm32u5xx_hal_uart.o(.ARM.exidx.text.UART_RxISR_8BIT_FIFOEN), (8 bytes).
    Removing stm32u5xx_hal_uart.o(.text.UART_RxISR_16BIT), (442 bytes).
    Removing stm32u5xx_hal_uart.o(.ARM.exidx.text.UART_RxISR_16BIT), (8 bytes).
    Removing stm32u5xx_hal_uart.o(.text.UART_RxISR_8BIT), (446 bytes).
    Removing stm32u5xx_hal_uart.o(.ARM.exidx.text.UART_RxISR_8BIT), (8 bytes).
    Removing stm32u5xx_hal_uart.o(.text.UART_DMAReceiveCplt), (304 bytes).
    Removing stm32u5xx_hal_uart.o(.ARM.exidx.text.UART_DMAReceiveCplt), (8 bytes).
    Removing stm32u5xx_hal_uart.o(.text.UART_DMARxHalfCplt), (54 bytes).
    Removing stm32u5xx_hal_uart.o(.ARM.exidx.text.UART_DMARxHalfCplt), (8 bytes).
    Removing stm32u5xx_hal_uart_ex.o(.text), (0 bytes).
    Removing stm32u5xx_hal_uart_ex.o(.text.HAL_RS485Ex_Init), (132 bytes).
    Removing stm32u5xx_hal_uart_ex.o(.ARM.exidx.text.HAL_RS485Ex_Init), (8 bytes).
    Removing stm32u5xx_hal_uart_ex.o(.ARM.exidx.text.HAL_UARTEx_RxFifoFullCallback), (8 bytes).
    Removing stm32u5xx_hal_uart_ex.o(.ARM.exidx.text.HAL_UARTEx_TxFifoEmptyCallback), (8 bytes).
    Removing stm32u5xx_hal_uart_ex.o(.text.HAL_MultiProcessorEx_AddressLength_Set), (46 bytes).
    Removing stm32u5xx_hal_uart_ex.o(.ARM.exidx.text.HAL_MultiProcessorEx_AddressLength_Set), (8 bytes).
    Removing stm32u5xx_hal_uart_ex.o(.text.HAL_UARTEx_StopModeWakeUpSourceConfig), (128 bytes).
    Removing stm32u5xx_hal_uart_ex.o(.ARM.exidx.text.HAL_UARTEx_StopModeWakeUpSourceConfig), (8 bytes).
    Removing stm32u5xx_hal_uart_ex.o(.text.HAL_UARTEx_EnableStopMode), (104 bytes).
    Removing stm32u5xx_hal_uart_ex.o(.ARM.exidx.text.HAL_UARTEx_EnableStopMode), (8 bytes).
    Removing stm32u5xx_hal_uart_ex.o(.text.HAL_UARTEx_DisableStopMode), (104 bytes).
    Removing stm32u5xx_hal_uart_ex.o(.ARM.exidx.text.HAL_UARTEx_DisableStopMode), (8 bytes).
    Removing stm32u5xx_hal_uart_ex.o(.text.HAL_UARTEx_EnableFifoMode), (122 bytes).
    Removing stm32u5xx_hal_uart_ex.o(.ARM.exidx.text.HAL_UARTEx_EnableFifoMode), (8 bytes).
    Removing stm32u5xx_hal_uart_ex.o(.ARM.exidx.text.HAL_UARTEx_DisableFifoMode), (8 bytes).
    Removing stm32u5xx_hal_uart_ex.o(.ARM.exidx.text.HAL_UARTEx_SetTxFifoThreshold), (8 bytes).
    Removing stm32u5xx_hal_uart_ex.o(.ARM.exidx.text.HAL_UARTEx_SetRxFifoThreshold), (8 bytes).
    Removing stm32u5xx_hal_uart_ex.o(.text.HAL_UARTEx_ReceiveToIdle), (468 bytes).
    Removing stm32u5xx_hal_uart_ex.o(.ARM.exidx.text.HAL_UARTEx_ReceiveToIdle), (8 bytes).
    Removing stm32u5xx_hal_uart_ex.o(.text.HAL_UARTEx_ReceiveToIdle_IT), (158 bytes).
    Removing stm32u5xx_hal_uart_ex.o(.ARM.exidx.text.HAL_UARTEx_ReceiveToIdle_IT), (8 bytes).
    Removing stm32u5xx_hal_uart_ex.o(.text.HAL_UARTEx_ReceiveToIdle_DMA), (148 bytes).
    Removing stm32u5xx_hal_uart_ex.o(.ARM.exidx.text.HAL_UARTEx_ReceiveToIdle_DMA), (8 bytes).
    Removing stm32u5xx_hal_uart_ex.o(.text.HAL_UARTEx_GetRxEventType), (4 bytes).
    Removing stm32u5xx_hal_uart_ex.o(.ARM.exidx.text.HAL_UARTEx_GetRxEventType), (8 bytes).
    Removing stm32u5xx_hal_uart_ex.o(.text.HAL_UARTEx_SetConfigAutonomousMode), (98 bytes).
    Removing stm32u5xx_hal_uart_ex.o(.ARM.exidx.text.HAL_UARTEx_SetConfigAutonomousMode), (8 bytes).
    Removing stm32u5xx_hal_uart_ex.o(.text.HAL_UARTEx_GetConfigAutonomousMode), (38 bytes).
    Removing stm32u5xx_hal_uart_ex.o(.ARM.exidx.text.HAL_UARTEx_GetConfigAutonomousMode), (8 bytes).
    Removing stm32u5xx_hal_uart_ex.o(.text.HAL_UARTEx_ClearConfigAutonomousMode), (62 bytes).
    Removing stm32u5xx_hal_uart_ex.o(.ARM.exidx.text.HAL_UARTEx_ClearConfigAutonomousMode), (8 bytes).
    Removing system_stm32u5xx.o(.text), (0 bytes).
    Removing system_stm32u5xx.o(.ARM.exidx.text.SystemInit), (8 bytes).
    Removing system_stm32u5xx.o(.text.SystemCoreClockUpdate), (280 bytes).
    Removing system_stm32u5xx.o(.ARM.exidx.text.SystemCoreClockUpdate), (8 bytes).

765 unused section(s) (total 43580 bytes) removed from the image.

==============================================================================

Image Symbol Table

    Local Symbols

    Symbol Name                              Value     Ov Type        Size  Object(Section)

    ../clib/angel/boardlib.s                 0x00000000   Number         0  boardinit1.o ABSOLUTE
    ../clib/angel/boardlib.s                 0x00000000   Number         0  boardinit2.o ABSOLUTE
    ../clib/angel/boardlib.s                 0x00000000   Number         0  boardinit3.o ABSOLUTE
    ../clib/angel/boardlib.s                 0x00000000   Number         0  boardshut.o ABSOLUTE
    ../clib/angel/handlers.s                 0x00000000   Number         0  __scatter_copy.o ABSOLUTE
    ../clib/angel/handlers.s                 0x00000000   Number         0  __scatter_zi.o ABSOLUTE
    ../clib/angel/kernel.s                   0x00000000   Number         0  __rtentry.o ABSOLUTE
    ../clib/angel/kernel.s                   0x00000000   Number         0  __rtentry2.o ABSOLUTE
    ../clib/angel/kernel.s                   0x00000000   Number         0  __rtentry4.o ABSOLUTE
    ../clib/angel/kernel.s                   0x00000000   Number         0  rtexit.o ABSOLUTE
    ../clib/angel/kernel.s                   0x00000000   Number         0  rtexit2.o ABSOLUTE
    ../clib/angel/rt.s                       0x00000000   Number         0  aeabi_ldiv0.o ABSOLUTE
    ../clib/angel/rt.s                       0x00000000   Number         0  aeabi_ldiv0_sigfpe.o ABSOLUTE
    ../clib/angel/rt.s                       0x00000000   Number         0  rt_div0.o ABSOLUTE
    ../clib/angel/rt.s                       0x00000000   Number         0  rt_raise.o ABSOLUTE
    ../clib/angel/scatter.s                  0x00000000   Number         0  __scatter.o ABSOLUTE
    ../clib/angel/startup.s                  0x00000000   Number         0  __main.o ABSOLUTE
    ../clib/angel/sys.s                      0x00000000   Number         0  sys_stackheap_outer.o ABSOLUTE
    ../clib/angel/sys.s                      0x00000000   Number         0  libspace.o ABSOLUTE
    ../clib/angel/sys.s                      0x00000000   Number         0  use_no_semi.o ABSOLUTE
    ../clib/angel/sys.s                      0x00000000   Number         0  indicate_semi.o ABSOLUTE
    ../clib/angel/sysapp.c                   0x00000000   Number         0  sys_exit.o ABSOLUTE
    ../clib/angel/sysapp.c                   0x00000000   Number         0  sys_exit_hlt.o ABSOLUTE
    ../clib/angel/sysapp.c                   0x00000000   Number         0  sys_wrch.o ABSOLUTE
    ../clib/angel/sysapp.c                   0x00000000   Number         0  sys_wrch_hlt.o ABSOLUTE
    ../clib/angel/sysapp.c                   0x00000000   Number         0  sys_command.o ABSOLUTE
    ../clib/angel/sysapp.c                   0x00000000   Number         0  sys_command_hlt.o ABSOLUTE
    ../clib/armsys.c                         0x00000000   Number         0  argv_veneer.o ABSOLUTE
    ../clib/armsys.c                         0x00000000   Number         0  argv_veneer.o ABSOLUTE
    ../clib/armsys.c                         0x00000000   Number         0  _get_argv_nomalloc.o ABSOLUTE
    ../clib/armsys.c                         0x00000000   Number         0  no_argv.o ABSOLUTE
    ../clib/heapalloc.c                      0x00000000   Number         0  hrguard.o ABSOLUTE
    ../clib/heapaux.c                        0x00000000   Number         0  heapauxi.o ABSOLUTE
    ../clib/libinit.s                        0x00000000   Number         0  libinit.o ABSOLUTE
    ../clib/libinit.s                        0x00000000   Number         0  libinit2.o ABSOLUTE
    ../clib/libinit.s                        0x00000000   Number         0  libshutdown.o ABSOLUTE
    ../clib/libinit.s                        0x00000000   Number         0  libshutdown2.o ABSOLUTE
    ../clib/longlong.s                       0x00000000   Number         0  lludivv7m.o ABSOLUTE
    ../clib/memcpset.s                       0x00000000   Number         0  rt_memcpy_v6.o ABSOLUTE
    ../clib/memcpset.s                       0x00000000   Number         0  rt_memclr_w.o ABSOLUTE
    ../clib/memcpset.s                       0x00000000   Number         0  rt_memcpy_w.o ABSOLUTE
    ../clib/signal.c                         0x00000000   Number         0  defsig_fpe_outer.o ABSOLUTE
    ../clib/signal.c                         0x00000000   Number         0  defsig_fpe_formal.o ABSOLUTE
    ../clib/signal.c                         0x00000000   Number         0  defsig_exit.o ABSOLUTE
    ../clib/signal.c                         0x00000000   Number         0  defsig_fpe_inner.o ABSOLUTE
    ../clib/signal.c                         0x00000000   Number         0  __raise.o ABSOLUTE
    ../clib/signal.c                         0x00000000   Number         0  defsig_general.o ABSOLUTE
    ../clib/signal.c                         0x00000000   Number         0  defsig_abrt_inner.o ABSOLUTE
    ../clib/signal.c                         0x00000000   Number         0  defsig_rtred_inner.o ABSOLUTE
    ../clib/signal.c                         0x00000000   Number         0  defsig_rtmem_inner.o ABSOLUTE
    ../clib/signal.c                         0x00000000   Number         0  defsig_rtmem_outer.o ABSOLUTE
    ../clib/signal.c                         0x00000000   Number         0  defsig_rtmem_formal.o ABSOLUTE
    ../clib/signal.c                         0x00000000   Number         0  defsig_stak_inner.o ABSOLUTE
    ../clib/signal.c                         0x00000000   Number         0  defsig_pvfn_inner.o ABSOLUTE
    ../clib/signal.c                         0x00000000   Number         0  defsig_cppl_inner.o ABSOLUTE
    ../clib/signal.c                         0x00000000   Number         0  defsig_segv_inner.o ABSOLUTE
    ../clib/signal.c                         0x00000000   Number         0  defsig_other.o ABSOLUTE
    ../clib/signal.s                         0x00000000   Number         0  defsig.o ABSOLUTE
    ../clib/stdlib.c                         0x00000000   Number         0  exit.o ABSOLUTE
    ../fplib/fpinit.s                        0x00000000   Number         0  fpinit.o ABSOLUTE
    dc.s                                     0x00000000   Number         0  dc.o ABSOLUTE
    main.c                                   0x00000000   Number         0  main.o ABSOLUTE
    startup_stm32u575xx.s                    0x00000000   Number         0  startup_stm32u575xx.o ABSOLUTE
    stm32u5xx_hal.c                          0x00000000   Number         0  stm32u5xx_hal.o ABSOLUTE
    stm32u5xx_hal_cortex.c                   0x00000000   Number         0  stm32u5xx_hal_cortex.o ABSOLUTE
    stm32u5xx_hal_dma.c                      0x00000000   Number         0  stm32u5xx_hal_dma.o ABSOLUTE
    stm32u5xx_hal_dma_ex.c                   0x00000000   Number         0  stm32u5xx_hal_dma_ex.o ABSOLUTE
    stm32u5xx_hal_exti.c                     0x00000000   Number         0  stm32u5xx_hal_exti.o ABSOLUTE
    stm32u5xx_hal_flash.c                    0x00000000   Number         0  stm32u5xx_hal_flash.o ABSOLUTE
    stm32u5xx_hal_flash_ex.c                 0x00000000   Number         0  stm32u5xx_hal_flash_ex.o ABSOLUTE
    stm32u5xx_hal_gpio.c                     0x00000000   Number         0  stm32u5xx_hal_gpio.o ABSOLUTE
    stm32u5xx_hal_gtzc.c                     0x00000000   Number         0  stm32u5xx_hal_gtzc.o ABSOLUTE
    stm32u5xx_hal_i2c.c                      0x00000000   Number         0  stm32u5xx_hal_i2c.o ABSOLUTE
    stm32u5xx_hal_i2c_ex.c                   0x00000000   Number         0  stm32u5xx_hal_i2c_ex.o ABSOLUTE
    stm32u5xx_hal_icache.c                   0x00000000   Number         0  stm32u5xx_hal_icache.o ABSOLUTE
    stm32u5xx_hal_msp.c                      0x00000000   Number         0  stm32u5xx_hal_msp.o ABSOLUTE
    stm32u5xx_hal_pwr.c                      0x00000000   Number         0  stm32u5xx_hal_pwr.o ABSOLUTE
    stm32u5xx_hal_pwr_ex.c                   0x00000000   Number         0  stm32u5xx_hal_pwr_ex.o ABSOLUTE
    stm32u5xx_hal_rcc.c                      0x00000000   Number         0  stm32u5xx_hal_rcc.o ABSOLUTE
    stm32u5xx_hal_rcc_ex.c                   0x00000000   Number         0  stm32u5xx_hal_rcc_ex.o ABSOLUTE
    stm32u5xx_hal_uart.c                     0x00000000   Number         0  stm32u5xx_hal_uart.o ABSOLUTE
    stm32u5xx_hal_uart_ex.c                  0x00000000   Number         0  stm32u5xx_hal_uart_ex.o ABSOLUTE
    stm32u5xx_it.c                           0x00000000   Number         0  stm32u5xx_it.o ABSOLUTE
    system_stm32u5xx.c                       0x00000000   Number         0  system_stm32u5xx.o ABSOLUTE
    RESET                                    0x08000000   Section      568  startup_stm32u575xx.o(RESET)
    !!!main                                  0x08000238   Section        8  __main.o(!!!main)
    !!!scatter                               0x08000240   Section       92  __scatter.o(!!!scatter)
    !!handler_copy                           0x0800029c   Section       26  __scatter_copy.o(!!handler_copy)
    !!handler_null                           0x080002b8   Section        2  __scatter.o(!!handler_null)
    !!handler_zi                             0x080002bc   Section       28  __scatter_zi.o(!!handler_zi)
    .ARM.Collect$$libinit$$00000000          0x080002d8   Section        2  libinit.o(.ARM.Collect$$libinit$$00000000)
    .ARM.Collect$$libinit$$00000001          0x080002da   Section        4  libinit2.o(.ARM.Collect$$libinit$$00000001)
    .ARM.Collect$$libinit$$00000004          0x080002de   Section        0  libinit2.o(.ARM.Collect$$libinit$$00000004)
    .ARM.Collect$$libinit$$00000006          0x080002de   Section        0  libinit2.o(.ARM.Collect$$libinit$$00000006)
    .ARM.Collect$$libinit$$0000000C          0x080002de   Section        0  libinit2.o(.ARM.Collect$$libinit$$0000000C)
    .ARM.Collect$$libinit$$0000000E          0x080002de   Section        0  libinit2.o(.ARM.Collect$$libinit$$0000000E)
    .ARM.Collect$$libinit$$00000010          0x080002de   Section        0  libinit2.o(.ARM.Collect$$libinit$$00000010)
    .ARM.Collect$$libinit$$00000013          0x080002de   Section        0  libinit2.o(.ARM.Collect$$libinit$$00000013)
    .ARM.Collect$$libinit$$00000015          0x080002de   Section        0  libinit2.o(.ARM.Collect$$libinit$$00000015)
    .ARM.Collect$$libinit$$00000017          0x080002de   Section        0  libinit2.o(.ARM.Collect$$libinit$$00000017)
    .ARM.Collect$$libinit$$00000019          0x080002de   Section        0  libinit2.o(.ARM.Collect$$libinit$$00000019)
    .ARM.Collect$$libinit$$0000001B          0x080002de   Section        0  libinit2.o(.ARM.Collect$$libinit$$0000001B)
    .ARM.Collect$$libinit$$0000001D          0x080002de   Section        0  libinit2.o(.ARM.Collect$$libinit$$0000001D)
    .ARM.Collect$$libinit$$0000001F          0x080002de   Section        0  libinit2.o(.ARM.Collect$$libinit$$0000001F)
    .ARM.Collect$$libinit$$00000021          0x080002de   Section        0  libinit2.o(.ARM.Collect$$libinit$$00000021)
    .ARM.Collect$$libinit$$00000023          0x080002de   Section        0  libinit2.o(.ARM.Collect$$libinit$$00000023)
    .ARM.Collect$$libinit$$00000025          0x080002de   Section        0  libinit2.o(.ARM.Collect$$libinit$$00000025)
    .ARM.Collect$$libinit$$00000027          0x080002de   Section        0  libinit2.o(.ARM.Collect$$libinit$$00000027)
    .ARM.Collect$$libinit$$0000002E          0x080002de   Section        0  libinit2.o(.ARM.Collect$$libinit$$0000002E)
    .ARM.Collect$$libinit$$00000030          0x080002de   Section        0  libinit2.o(.ARM.Collect$$libinit$$00000030)
    .ARM.Collect$$libinit$$00000032          0x080002de   Section        0  libinit2.o(.ARM.Collect$$libinit$$00000032)
    .ARM.Collect$$libinit$$00000034          0x080002de   Section        0  libinit2.o(.ARM.Collect$$libinit$$00000034)
    .ARM.Collect$$libinit$$00000035          0x080002de   Section        2  libinit2.o(.ARM.Collect$$libinit$$00000035)
    .ARM.Collect$$libshutdown$$00000000      0x080002e0   Section        2  libshutdown.o(.ARM.Collect$$libshutdown$$00000000)
    .ARM.Collect$$libshutdown$$00000002      0x080002e2   Section        0  libshutdown2.o(.ARM.Collect$$libshutdown$$00000002)
    .ARM.Collect$$libshutdown$$00000004      0x080002e2   Section        0  libshutdown2.o(.ARM.Collect$$libshutdown$$00000004)
    .ARM.Collect$$libshutdown$$00000007      0x080002e2   Section        0  libshutdown2.o(.ARM.Collect$$libshutdown$$00000007)
    .ARM.Collect$$libshutdown$$0000000A      0x080002e2   Section        0  libshutdown2.o(.ARM.Collect$$libshutdown$$0000000A)
    .ARM.Collect$$libshutdown$$0000000C      0x080002e2   Section        0  libshutdown2.o(.ARM.Collect$$libshutdown$$0000000C)
    .ARM.Collect$$libshutdown$$0000000F      0x080002e2   Section        0  libshutdown2.o(.ARM.Collect$$libshutdown$$0000000F)
    .ARM.Collect$$libshutdown$$00000010      0x080002e2   Section        2  libshutdown2.o(.ARM.Collect$$libshutdown$$00000010)
    .ARM.Collect$$rtentry$$00000000          0x080002e4   Section        0  __rtentry.o(.ARM.Collect$$rtentry$$00000000)
    .ARM.Collect$$rtentry$$00000002          0x080002e4   Section        0  __rtentry2.o(.ARM.Collect$$rtentry$$00000002)
    .ARM.Collect$$rtentry$$00000004          0x080002e4   Section        6  __rtentry4.o(.ARM.Collect$$rtentry$$00000004)
    .ARM.Collect$$rtentry$$00000009          0x080002ea   Section        0  __rtentry2.o(.ARM.Collect$$rtentry$$00000009)
    .ARM.Collect$$rtentry$$0000000A          0x080002ea   Section        4  __rtentry2.o(.ARM.Collect$$rtentry$$0000000A)
    .ARM.Collect$$rtentry$$0000000C          0x080002ee   Section        0  __rtentry2.o(.ARM.Collect$$rtentry$$0000000C)
    .ARM.Collect$$rtentry$$0000000D          0x080002ee   Section        8  __rtentry2.o(.ARM.Collect$$rtentry$$0000000D)
    .ARM.Collect$$rtexit$$00000000           0x080002f6   Section        2  rtexit.o(.ARM.Collect$$rtexit$$00000000)
    .ARM.Collect$$rtexit$$00000002           0x080002f8   Section        0  rtexit2.o(.ARM.Collect$$rtexit$$00000002)
    .ARM.Collect$$rtexit$$00000003           0x080002f8   Section        4  rtexit2.o(.ARM.Collect$$rtexit$$00000003)
    .ARM.Collect$$rtexit$$00000004           0x080002fc   Section        6  rtexit2.o(.ARM.Collect$$rtexit$$00000004)
    $v0                                      0x08000304   Number         0  startup_stm32u575xx.o(.text)
    .text                                    0x08000304   Section       68  startup_stm32u575xx.o(.text)
    .text                                    0x08000348   Section      240  lludivv7m.o(.text)
    .text                                    0x08000438   Section      138  rt_memcpy_v6.o(.text)
    .text                                    0x080004c2   Section       78  rt_memclr_w.o(.text)
    .text                                    0x08000510   Section        0  heapauxi.o(.text)
    .text                                    0x08000516   Section      100  rt_memcpy_w.o(.text)
    .text                                    0x0800057a   Section       74  sys_stackheap_outer.o(.text)
    .text                                    0x080005c4   Section        0  exit.o(.text)
    .text                                    0x080005d8   Section        8  libspace.o(.text)
    .text                                    0x080005e0   Section        0  sys_exit.o(.text)
    .text                                    0x080005ec   Section        2  use_no_semi.o(.text)
    .text                                    0x080005ee   Section        0  indicate_semi.o(.text)
    [Anonymous Symbol]                       0x080005f0   Section        0  stm32u5xx_it.o(.text.BusFault_Handler)
    [Anonymous Symbol]                       0x080005f4   Section        0  stm32u5xx_it.o(.text.DebugMon_Handler)
    [Anonymous Symbol]                       0x080005f8   Section        0  main.o(.text.Error_Handler)
    [Anonymous Symbol]                       0x08000600   Section        0  stm32u5xx_hal_dma.o(.text.HAL_DMA_Abort)
    [Anonymous Symbol]                       0x080006a8   Section        0  stm32u5xx_hal_dma.o(.text.HAL_DMA_Abort_IT)
    [Anonymous Symbol]                       0x080006d0   Section        0  stm32u5xx_hal.o(.text.HAL_Delay)
    [Anonymous Symbol]                       0x080006f8   Section        0  stm32u5xx_hal_gpio.o(.text.HAL_GPIO_Init)
    [Anonymous Symbol]                       0x0800093c   Section        0  stm32u5xx_hal.o(.text.HAL_GetTick)
    [Anonymous Symbol]                       0x08000948   Section        0  stm32u5xx_hal.o(.text.HAL_IncTick)
    [Anonymous Symbol]                       0x08000964   Section        0  stm32u5xx_hal.o(.text.HAL_Init)
    [Anonymous Symbol]                       0x080009c0   Section        0  stm32u5xx_hal.o(.text.HAL_InitTick)
    [Anonymous Symbol]                       0x08000a68   Section        0  stm32u5xx_hal_msp.o(.text.HAL_MspInit)
    [Anonymous Symbol]                       0x08000a88   Section        0  stm32u5xx_hal_cortex.o(.text.HAL_NVIC_DisableIRQ)
    [Anonymous Symbol]                       0x08000ab4   Section        0  stm32u5xx_hal_cortex.o(.text.HAL_NVIC_EnableIRQ)
    [Anonymous Symbol]                       0x08000ad8   Section        0  stm32u5xx_hal_cortex.o(.text.HAL_NVIC_SetPriority)
    [Anonymous Symbol]                       0x08000b30   Section        0  stm32u5xx_hal_cortex.o(.text.HAL_NVIC_SetPriorityGrouping)
    [Anonymous Symbol]                       0x08000b50   Section        0  stm32u5xx_hal_pwr_ex.o(.text.HAL_PWREx_ControlVoltageScaling)
    [Anonymous Symbol]                       0x08000c4c   Section        0  stm32u5xx_hal_pwr_ex.o(.text.HAL_PWREx_GetVoltageRange)
    [Anonymous Symbol]                       0x08000c5c   Section        0  stm32u5xx_hal_rcc_ex.o(.text.HAL_RCCEx_GetPLL1ClockFreq)
    [Anonymous Symbol]                       0x08000de0   Section        0  stm32u5xx_hal_rcc_ex.o(.text.HAL_RCCEx_GetPLL2ClockFreq)
    [Anonymous Symbol]                       0x08000f64   Section        0  stm32u5xx_hal_rcc_ex.o(.text.HAL_RCCEx_GetPLL3ClockFreq)
    [Anonymous Symbol]                       0x080010e8   Section        0  stm32u5xx_hal_rcc_ex.o(.text.HAL_RCCEx_GetPeriphCLKFreq)
    [Anonymous Symbol]                       0x080019d0   Section        0  stm32u5xx_hal_rcc_ex.o(.text.HAL_RCCEx_PeriphCLKConfig)
    [Anonymous Symbol]                       0x08001f84   Section        0  stm32u5xx_hal_rcc.o(.text.HAL_RCC_ClockConfig)
    [Anonymous Symbol]                       0x08002280   Section        0  stm32u5xx_hal_rcc.o(.text.HAL_RCC_GetHCLKFreq)
    [Anonymous Symbol]                       0x080022ac   Section        0  stm32u5xx_hal_rcc.o(.text.HAL_RCC_GetPCLK1Freq)
    [Anonymous Symbol]                       0x080022ec   Section        0  stm32u5xx_hal_rcc.o(.text.HAL_RCC_GetPCLK2Freq)
    [Anonymous Symbol]                       0x0800232c   Section        0  stm32u5xx_hal_rcc.o(.text.HAL_RCC_GetPCLK3Freq)
    [Anonymous Symbol]                       0x0800236c   Section        0  stm32u5xx_hal_rcc.o(.text.HAL_RCC_GetSysClockFreq)
    [Anonymous Symbol]                       0x08002474   Section        0  stm32u5xx_hal_rcc.o(.text.HAL_RCC_OscConfig)
    [Anonymous Symbol]                       0x08002fec   Section        0  stm32u5xx_hal_cortex.o(.text.HAL_SYSTICK_CLKSourceConfig)
    [Anonymous Symbol]                       0x08003064   Section        0  stm32u5xx_hal_cortex.o(.text.HAL_SYSTICK_Config)
    [Anonymous Symbol]                       0x08003088   Section        0  stm32u5xx_hal_cortex.o(.text.HAL_SYSTICK_GetCLKSourceConfig)
    [Anonymous Symbol]                       0x080030c0   Section        0  stm32u5xx_hal_uart_ex.o(.text.HAL_UARTEx_DisableFifoMode)
    [Anonymous Symbol]                       0x080030f8   Section        0  stm32u5xx_hal_uart.o(.text.HAL_UARTEx_RxEventCallback)
    [Anonymous Symbol]                       0x080030fc   Section        0  stm32u5xx_hal_uart_ex.o(.text.HAL_UARTEx_RxFifoFullCallback)
    [Anonymous Symbol]                       0x08003100   Section        0  stm32u5xx_hal_uart_ex.o(.text.HAL_UARTEx_SetRxFifoThreshold)
    [Anonymous Symbol]                       0x0800318c   Section        0  stm32u5xx_hal_uart_ex.o(.text.HAL_UARTEx_SetTxFifoThreshold)
    [Anonymous Symbol]                       0x08003218   Section        0  stm32u5xx_hal_uart_ex.o(.text.HAL_UARTEx_TxFifoEmptyCallback)
    [Anonymous Symbol]                       0x0800321c   Section        0  stm32u5xx_hal_uart.o(.text.HAL_UART_ErrorCallback)
    [Anonymous Symbol]                       0x08003220   Section        0  stm32u5xx_hal_uart.o(.text.HAL_UART_IRQHandler)
    [Anonymous Symbol]                       0x080037bc   Section        0  stm32u5xx_hal_uart.o(.text.HAL_UART_Init)
    [Anonymous Symbol]                       0x08003820   Section        0  stm32u5xx_hal_msp.o(.text.HAL_UART_MspInit)
    [Anonymous Symbol]                       0x08003914   Section        0  stm32u5xx_hal_uart.o(.text.HAL_UART_Receive)
    [Anonymous Symbol]                       0x08003a1c   Section        0  stm32u5xx_hal_uart.o(.text.HAL_UART_Transmit)
    [Anonymous Symbol]                       0x08003bc4   Section        0  stm32u5xx_hal_uart.o(.text.HAL_UART_TxCpltCallback)
    [Anonymous Symbol]                       0x08003bc8   Section        0  stm32u5xx_it.o(.text.HardFault_Handler)
    [Anonymous Symbol]                       0x08003bcc   Section        0  stm32u5xx_it.o(.text.MemManage_Handler)
    [Anonymous Symbol]                       0x08003bd0   Section        0  stm32u5xx_it.o(.text.NMI_Handler)
    [Anonymous Symbol]                       0x08003bd4   Section        0  stm32u5xx_it.o(.text.PendSV_Handler)
    RCCEx_PLL2_Config                        0x08003bd9   Thumb Code   242  stm32u5xx_hal_rcc_ex.o(.text.RCCEx_PLL2_Config)
    [Anonymous Symbol]                       0x08003bd8   Section        0  stm32u5xx_hal_rcc_ex.o(.text.RCCEx_PLL2_Config)
    RCCEx_PLL3_Config                        0x08003ccd   Thumb Code   242  stm32u5xx_hal_rcc_ex.o(.text.RCCEx_PLL3_Config)
    [Anonymous Symbol]                       0x08003ccc   Section        0  stm32u5xx_hal_rcc_ex.o(.text.RCCEx_PLL3_Config)
    [Anonymous Symbol]                       0x08003dc0   Section        0  stm32u5xx_it.o(.text.SVC_Handler)
    [Anonymous Symbol]                       0x08003dc4   Section        0  stm32u5xx_it.o(.text.SysTick_Handler)
    [Anonymous Symbol]                       0x08003dc8   Section        0  system_stm32u5xx.o(.text.SystemInit)
    [Anonymous Symbol]                       0x08003e14   Section        0  stm32u5xx_hal_uart.o(.text.UART_AdvFeatureConfig)
    [Anonymous Symbol]                       0x08003efc   Section        0  stm32u5xx_hal_uart.o(.text.UART_CheckIdleState)
    UART_DMAAbortOnError                     0x08004069   Thumb Code    12  stm32u5xx_hal_uart.o(.text.UART_DMAAbortOnError)
    [Anonymous Symbol]                       0x08004068   Section        0  stm32u5xx_hal_uart.o(.text.UART_DMAAbortOnError)
    [Anonymous Symbol]                       0x08004074   Section        0  stm32u5xx_hal_uart.o(.text.UART_SetConfig)
    [Anonymous Symbol]                       0x08004280   Section        0  stm32u5xx_hal_uart.o(.text.UART_WaitOnFlagUntilTimeout)
    [Anonymous Symbol]                       0x080045b4   Section        0  stm32u5xx_it.o(.text.USART1_IRQHandler)
    [Anonymous Symbol]                       0x080045c0   Section        0  stm32u5xx_it.o(.text.USART3_IRQHandler)
    [Anonymous Symbol]                       0x080045cc   Section        0  stm32u5xx_it.o(.text.UsageFault_Handler)
    [Anonymous Symbol]                       0x080045d0   Section        0  main.o(.text.main)
    $v0                                      0x08004cc8   Number         0  fpinit.o(x$fpl$fpinit)
    x$fpl$fpinit                             0x08004cc8   Section       26  fpinit.o(x$fpl$fpinit)
    LPGPIO_Map                               0x08004cfc   Data         128  stm32u5xx_hal_gpio.o(.rodata.LPGPIO_Map)
    [Anonymous Symbol]                       0x08004cfc   Section        0  stm32u5xx_hal_gpio.o(.rodata.LPGPIO_Map)
    UARTEx_SetNbDataToProcess.numerator      0x08004dd4   Data           8  stm32u5xx_hal_uart_ex.o(.rodata.cst8)
    [Anonymous Symbol]                       0x08004dd4   Section        0  stm32u5xx_hal_uart_ex.o(.rodata.cst8)
    UARTEx_SetNbDataToProcess.denominator    0x08004ddc   Data           8  stm32u5xx_hal_uart_ex.o(.rodata.cst8)
    .L_MergedGlobals                         0x20000000   Data           8  stm32u5xx_hal.o(.data..L_MergedGlobals)
    [Anonymous Symbol]                       0x20000000   Section        0  stm32u5xx_hal.o(.data..L_MergedGlobals)
    .bss                                     0x20000010   Section       96  libspace.o(.bss)
    .L_MergedGlobals                         0x20000070   Data          40  main.o(.bss..L_MergedGlobals)
    cmd_buf                                  0x20000070   Data          16  main.o(.bss..L_MergedGlobals)
    [Anonymous Symbol]                       0x20000070   Section        0  main.o(.bss..L_MergedGlobals)
    rx_buf                                   0x20000080   Data          24  main.o(.bss..L_MergedGlobals)
    Heap_Mem                                 0x200001c8   Data         512  startup_stm32u575xx.o(HEAP)
    HEAP                                     0x200001c8   Section      512  startup_stm32u575xx.o(HEAP)
    Stack_Mem                                0x200003c8   Data        1024  startup_stm32u575xx.o(STACK)
    STACK                                    0x200003c8   Section     1024  startup_stm32u575xx.o(STACK)
    __initial_sp                             0x200007c8   Data           0  startup_stm32u575xx.o(STACK)

    Global Symbols

    Symbol Name                              Value     Ov Type        Size  Object(Section)

    BuildAttributes$$THM_ISAv4$E$P$D$K$B$S$7EM$8M$VFPi5$EXTD16$VFPS$VFMA$PE$A:L22UL41UL21$X:L11$S22US41US21$IEEE1$IW$~IW$USESV6$~STKCKD$USESV7$~SHL$OTIME$ROPI$EBA8$UX$STANDARDLIB$REQ8$PRES8$EABIv2 0x00000000   Number         0  anon$$obj.o ABSOLUTE
    __ARM_exceptions_init                     - Undefined Weak Reference
    __alloca_initialize                       - Undefined Weak Reference
    __arm_preinit_                            - Undefined Weak Reference
    __arm_relocate_pie_                       - Undefined Weak Reference
    __cpp_initialize__aeabi_                  - Undefined Weak Reference
    __cxa_finalize                            - Undefined Weak Reference
    __rt_locale                               - Undefined Weak Reference
    __sigvec_lookup                           - Undefined Weak Reference
    _atexit_init                              - Undefined Weak Reference
    _call_atexit_fns                          - Undefined Weak Reference
    _clock_init                               - Undefined Weak Reference
    _fp_trap_init                             - Undefined Weak Reference
    _fp_trap_shutdown                         - Undefined Weak Reference
    _get_lc_collate                           - Undefined Weak Reference
    _get_lc_ctype                             - Undefined Weak Reference
    _get_lc_monetary                          - Undefined Weak Reference
    _get_lc_numeric                           - Undefined Weak Reference
    _get_lc_time                              - Undefined Weak Reference
    _getenv_init                              - Undefined Weak Reference
    _handle_redirection                       - Undefined Weak Reference
    _init_alloc                               - Undefined Weak Reference
    _init_user_alloc                          - Undefined Weak Reference
    _initio                                   - Undefined Weak Reference
    _rand_init                                - Undefined Weak Reference
    _signal_finish                            - Undefined Weak Reference
    _signal_init                              - Undefined Weak Reference
    _terminate_alloc                          - Undefined Weak Reference
    _terminate_user_alloc                     - Undefined Weak Reference
    _terminateio                              - Undefined Weak Reference
    __Vectors_Size                           0x00000238   Number         0  startup_stm32u575xx.o ABSOLUTE
    __Vectors                                0x08000000   Data           4  startup_stm32u575xx.o(RESET)
    __Vectors_End                            0x08000238   Data           0  startup_stm32u575xx.o(RESET)
    __main                                   0x08000239   Thumb Code     8  __main.o(!!!main)
    __scatterload                            0x08000241   Thumb Code     0  __scatter.o(!!!scatter)
    __scatterload_rt2                        0x08000241   Thumb Code    84  __scatter.o(!!!scatter)
    __scatterload_rt2_thumb_only             0x08000241   Thumb Code     0  __scatter.o(!!!scatter)
    __scatterload_loop                       0x0800024b   Thumb Code     0  __scatter.o(!!!scatter)
    __scatterload_copy                       0x0800029d   Thumb Code    26  __scatter_copy.o(!!handler_copy)
    __scatterload_null                       0x080002b9   Thumb Code     2  __scatter.o(!!handler_null)
    __scatterload_zeroinit                   0x080002bd   Thumb Code    28  __scatter_zi.o(!!handler_zi)
    __rt_lib_init                            0x080002d9   Thumb Code     0  libinit.o(.ARM.Collect$$libinit$$00000000)
    __rt_lib_init_fp_1                       0x080002db   Thumb Code     0  libinit2.o(.ARM.Collect$$libinit$$00000001)
    __rt_lib_init_alloca_1                   0x080002df   Thumb Code     0  libinit2.o(.ARM.Collect$$libinit$$00000030)
    __rt_lib_init_argv_1                     0x080002df   Thumb Code     0  libinit2.o(.ARM.Collect$$libinit$$0000002E)
    __rt_lib_init_atexit_1                   0x080002df   Thumb Code     0  libinit2.o(.ARM.Collect$$libinit$$0000001D)
    __rt_lib_init_clock_1                    0x080002df   Thumb Code     0  libinit2.o(.ARM.Collect$$libinit$$00000023)
    __rt_lib_init_cpp_1                      0x080002df   Thumb Code     0  libinit2.o(.ARM.Collect$$libinit$$00000034)
    __rt_lib_init_exceptions_1               0x080002df   Thumb Code     0  libinit2.o(.ARM.Collect$$libinit$$00000032)
    __rt_lib_init_fp_trap_1                  0x080002df   Thumb Code     0  libinit2.o(.ARM.Collect$$libinit$$00000021)
    __rt_lib_init_getenv_1                   0x080002df   Thumb Code     0  libinit2.o(.ARM.Collect$$libinit$$00000025)
    __rt_lib_init_heap_1                     0x080002df   Thumb Code     0  libinit2.o(.ARM.Collect$$libinit$$0000000C)
    __rt_lib_init_lc_collate_1               0x080002df   Thumb Code     0  libinit2.o(.ARM.Collect$$libinit$$00000013)
    __rt_lib_init_lc_ctype_1                 0x080002df   Thumb Code     0  libinit2.o(.ARM.Collect$$libinit$$00000015)
    __rt_lib_init_lc_monetary_1              0x080002df   Thumb Code     0  libinit2.o(.ARM.Collect$$libinit$$00000017)
    __rt_lib_init_lc_numeric_1               0x080002df   Thumb Code     0  libinit2.o(.ARM.Collect$$libinit$$00000019)
    __rt_lib_init_lc_time_1                  0x080002df   Thumb Code     0  libinit2.o(.ARM.Collect$$libinit$$0000001B)
    __rt_lib_init_preinit_1                  0x080002df   Thumb Code     0  libinit2.o(.ARM.Collect$$libinit$$00000006)
    __rt_lib_init_rand_1                     0x080002df   Thumb Code     0  libinit2.o(.ARM.Collect$$libinit$$00000010)
    __rt_lib_init_relocate_pie_1             0x080002df   Thumb Code     0  libinit2.o(.ARM.Collect$$libinit$$00000004)
    __rt_lib_init_return                     0x080002df   Thumb Code     0  libinit2.o(.ARM.Collect$$libinit$$00000035)
    __rt_lib_init_signal_1                   0x080002df   Thumb Code     0  libinit2.o(.ARM.Collect$$libinit$$0000001F)
    __rt_lib_init_stdio_1                    0x080002df   Thumb Code     0  libinit2.o(.ARM.Collect$$libinit$$00000027)
    __rt_lib_init_user_alloc_1               0x080002df   Thumb Code     0  libinit2.o(.ARM.Collect$$libinit$$0000000E)
    __rt_lib_shutdown                        0x080002e1   Thumb Code     0  libshutdown.o(.ARM.Collect$$libshutdown$$00000000)
    __rt_lib_shutdown_cpp_1                  0x080002e3   Thumb Code     0  libshutdown2.o(.ARM.Collect$$libshutdown$$00000002)
    __rt_lib_shutdown_fp_trap_1              0x080002e3   Thumb Code     0  libshutdown2.o(.ARM.Collect$$libshutdown$$00000007)
    __rt_lib_shutdown_heap_1                 0x080002e3   Thumb Code     0  libshutdown2.o(.ARM.Collect$$libshutdown$$0000000F)
    __rt_lib_shutdown_return                 0x080002e3   Thumb Code     0  libshutdown2.o(.ARM.Collect$$libshutdown$$00000010)
    __rt_lib_shutdown_signal_1               0x080002e3   Thumb Code     0  libshutdown2.o(.ARM.Collect$$libshutdown$$0000000A)
    __rt_lib_shutdown_stdio_1                0x080002e3   Thumb Code     0  libshutdown2.o(.ARM.Collect$$libshutdown$$00000004)
    __rt_lib_shutdown_user_alloc_1           0x080002e3   Thumb Code     0  libshutdown2.o(.ARM.Collect$$libshutdown$$0000000C)
    __rt_entry                               0x080002e5   Thumb Code     0  __rtentry.o(.ARM.Collect$$rtentry$$00000000)
    __rt_entry_presh_1                       0x080002e5   Thumb Code     0  __rtentry2.o(.ARM.Collect$$rtentry$$00000002)
    __rt_entry_sh                            0x080002e5   Thumb Code     0  __rtentry4.o(.ARM.Collect$$rtentry$$00000004)
    __rt_entry_li                            0x080002eb   Thumb Code     0  __rtentry2.o(.ARM.Collect$$rtentry$$0000000A)
    __rt_entry_postsh_1                      0x080002eb   Thumb Code     0  __rtentry2.o(.ARM.Collect$$rtentry$$00000009)
    __rt_entry_main                          0x080002ef   Thumb Code     0  __rtentry2.o(.ARM.Collect$$rtentry$$0000000D)
    __rt_entry_postli_1                      0x080002ef   Thumb Code     0  __rtentry2.o(.ARM.Collect$$rtentry$$0000000C)
    __rt_exit                                0x080002f7   Thumb Code     0  rtexit.o(.ARM.Collect$$rtexit$$00000000)
    __rt_exit_ls                             0x080002f9   Thumb Code     0  rtexit2.o(.ARM.Collect$$rtexit$$00000003)
    __rt_exit_prels_1                        0x080002f9   Thumb Code     0  rtexit2.o(.ARM.Collect$$rtexit$$00000002)
    __rt_exit_exit                           0x080002fd   Thumb Code     0  rtexit2.o(.ARM.Collect$$rtexit$$00000004)
    Reset_Handler                            0x08000305   Thumb Code     8  startup_stm32u575xx.o(.text)
    SecureFault_Handler                      0x08000317   Thumb Code     2  startup_stm32u575xx.o(.text)
    ADC1_IRQHandler                          0x08000321   Thumb Code     0  startup_stm32u575xx.o(.text)
    ADC4_IRQHandler                          0x08000321   Thumb Code     0  startup_stm32u575xx.o(.text)
    ADF1_IRQHandler                          0x08000321   Thumb Code     0  startup_stm32u575xx.o(.text)
    COMP_IRQHandler                          0x08000321   Thumb Code     0  startup_stm32u575xx.o(.text)
    CORDIC_IRQHandler                        0x08000321   Thumb Code     0  startup_stm32u575xx.o(.text)
    CRS_IRQHandler                           0x08000321   Thumb Code     0  startup_stm32u575xx.o(.text)
    DAC1_IRQHandler                          0x08000321   Thumb Code     0  startup_stm32u575xx.o(.text)
    DCACHE1_IRQHandler                       0x08000321   Thumb Code     0  startup_stm32u575xx.o(.text)
    DCMI_PSSI_IRQHandler                     0x08000321   Thumb Code     0  startup_stm32u575xx.o(.text)
    DMA2D_IRQHandler                         0x08000321   Thumb Code     0  startup_stm32u575xx.o(.text)
    EXTI0_IRQHandler                         0x08000321   Thumb Code     0  startup_stm32u575xx.o(.text)
    EXTI10_IRQHandler                        0x08000321   Thumb Code     0  startup_stm32u575xx.o(.text)
    EXTI11_IRQHandler                        0x08000321   Thumb Code     0  startup_stm32u575xx.o(.text)
    EXTI12_IRQHandler                        0x08000321   Thumb Code     0  startup_stm32u575xx.o(.text)
    EXTI13_IRQHandler                        0x08000321   Thumb Code     0  startup_stm32u575xx.o(.text)
    EXTI14_IRQHandler                        0x08000321   Thumb Code     0  startup_stm32u575xx.o(.text)
    EXTI15_IRQHandler                        0x08000321   Thumb Code     0  startup_stm32u575xx.o(.text)
    EXTI1_IRQHandler                         0x08000321   Thumb Code     0  startup_stm32u575xx.o(.text)
    EXTI2_IRQHandler                         0x08000321   Thumb Code     0  startup_stm32u575xx.o(.text)
    EXTI3_IRQHandler                         0x08000321   Thumb Code     0  startup_stm32u575xx.o(.text)
    EXTI4_IRQHandler                         0x08000321   Thumb Code     0  startup_stm32u575xx.o(.text)
    EXTI5_IRQHandler                         0x08000321   Thumb Code     0  startup_stm32u575xx.o(.text)
    EXTI6_IRQHandler                         0x08000321   Thumb Code     0  startup_stm32u575xx.o(.text)
    EXTI7_IRQHandler                         0x08000321   Thumb Code     0  startup_stm32u575xx.o(.text)
    EXTI8_IRQHandler                         0x08000321   Thumb Code     0  startup_stm32u575xx.o(.text)
    EXTI9_IRQHandler                         0x08000321   Thumb Code     0  startup_stm32u575xx.o(.text)
    FDCAN1_IT0_IRQHandler                    0x08000321   Thumb Code     0  startup_stm32u575xx.o(.text)
    FDCAN1_IT1_IRQHandler                    0x08000321   Thumb Code     0  startup_stm32u575xx.o(.text)
    FLASH_IRQHandler                         0x08000321   Thumb Code     0  startup_stm32u575xx.o(.text)
    FLASH_S_IRQHandler                       0x08000321   Thumb Code     0  startup_stm32u575xx.o(.text)
    FMAC_IRQHandler                          0x08000321   Thumb Code     0  startup_stm32u575xx.o(.text)
    FMC_IRQHandler                           0x08000321   Thumb Code     0  startup_stm32u575xx.o(.text)
    FPU_IRQHandler                           0x08000321   Thumb Code     0  startup_stm32u575xx.o(.text)
    GPDMA1_Channel0_IRQHandler               0x08000321   Thumb Code     0  startup_stm32u575xx.o(.text)
    GPDMA1_Channel10_IRQHandler              0x08000321   Thumb Code     0  startup_stm32u575xx.o(.text)
    GPDMA1_Channel11_IRQHandler              0x08000321   Thumb Code     0  startup_stm32u575xx.o(.text)
    GPDMA1_Channel12_IRQHandler              0x08000321   Thumb Code     0  startup_stm32u575xx.o(.text)
    GPDMA1_Channel13_IRQHandler              0x08000321   Thumb Code     0  startup_stm32u575xx.o(.text)
    GPDMA1_Channel14_IRQHandler              0x08000321   Thumb Code     0  startup_stm32u575xx.o(.text)
    GPDMA1_Channel15_IRQHandler              0x08000321   Thumb Code     0  startup_stm32u575xx.o(.text)
    GPDMA1_Channel1_IRQHandler               0x08000321   Thumb Code     0  startup_stm32u575xx.o(.text)
    GPDMA1_Channel2_IRQHandler               0x08000321   Thumb Code     0  startup_stm32u575xx.o(.text)
    GPDMA1_Channel3_IRQHandler               0x08000321   Thumb Code     0  startup_stm32u575xx.o(.text)
    GPDMA1_Channel4_IRQHandler               0x08000321   Thumb Code     0  startup_stm32u575xx.o(.text)
    GPDMA1_Channel5_IRQHandler               0x08000321   Thumb Code     0  startup_stm32u575xx.o(.text)
    GPDMA1_Channel6_IRQHandler               0x08000321   Thumb Code     0  startup_stm32u575xx.o(.text)
    GPDMA1_Channel7_IRQHandler               0x08000321   Thumb Code     0  startup_stm32u575xx.o(.text)
    GPDMA1_Channel8_IRQHandler               0x08000321   Thumb Code     0  startup_stm32u575xx.o(.text)
    GPDMA1_Channel9_IRQHandler               0x08000321   Thumb Code     0  startup_stm32u575xx.o(.text)
    GTZC_IRQHandler                          0x08000321   Thumb Code     0  startup_stm32u575xx.o(.text)
    HASH_IRQHandler                          0x08000321   Thumb Code     0  startup_stm32u575xx.o(.text)
    I2C1_ER_IRQHandler                       0x08000321   Thumb Code     0  startup_stm32u575xx.o(.text)
    I2C1_EV_IRQHandler                       0x08000321   Thumb Code     0  startup_stm32u575xx.o(.text)
    I2C2_ER_IRQHandler                       0x08000321   Thumb Code     0  startup_stm32u575xx.o(.text)
    I2C2_EV_IRQHandler                       0x08000321   Thumb Code     0  startup_stm32u575xx.o(.text)
    I2C3_ER_IRQHandler                       0x08000321   Thumb Code     0  startup_stm32u575xx.o(.text)
    I2C3_EV_IRQHandler                       0x08000321   Thumb Code     0  startup_stm32u575xx.o(.text)
    I2C4_ER_IRQHandler                       0x08000321   Thumb Code     0  startup_stm32u575xx.o(.text)
    I2C4_EV_IRQHandler                       0x08000321   Thumb Code     0  startup_stm32u575xx.o(.text)
    ICACHE_IRQHandler                        0x08000321   Thumb Code     0  startup_stm32u575xx.o(.text)
    IWDG_IRQHandler                          0x08000321   Thumb Code     0  startup_stm32u575xx.o(.text)
    LPDMA1_Channel0_IRQHandler               0x08000321   Thumb Code     0  startup_stm32u575xx.o(.text)
    LPDMA1_Channel1_IRQHandler               0x08000321   Thumb Code     0  startup_stm32u575xx.o(.text)
    LPDMA1_Channel2_IRQHandler               0x08000321   Thumb Code     0  startup_stm32u575xx.o(.text)
    LPDMA1_Channel3_IRQHandler               0x08000321   Thumb Code     0  startup_stm32u575xx.o(.text)
    LPTIM1_IRQHandler                        0x08000321   Thumb Code     0  startup_stm32u575xx.o(.text)
    LPTIM2_IRQHandler                        0x08000321   Thumb Code     0  startup_stm32u575xx.o(.text)
    LPTIM3_IRQHandler                        0x08000321   Thumb Code     0  startup_stm32u575xx.o(.text)
    LPTIM4_IRQHandler                        0x08000321   Thumb Code     0  startup_stm32u575xx.o(.text)
    LPUART1_IRQHandler                       0x08000321   Thumb Code     0  startup_stm32u575xx.o(.text)
    LSECSSD_IRQHandler                       0x08000321   Thumb Code     0  startup_stm32u575xx.o(.text)
    MDF1_FLT0_IRQHandler                     0x08000321   Thumb Code     0  startup_stm32u575xx.o(.text)
    MDF1_FLT1_IRQHandler                     0x08000321   Thumb Code     0  startup_stm32u575xx.o(.text)
    MDF1_FLT2_IRQHandler                     0x08000321   Thumb Code     0  startup_stm32u575xx.o(.text)
    MDF1_FLT3_IRQHandler                     0x08000321   Thumb Code     0  startup_stm32u575xx.o(.text)
    MDF1_FLT4_IRQHandler                     0x08000321   Thumb Code     0  startup_stm32u575xx.o(.text)
    MDF1_FLT5_IRQHandler                     0x08000321   Thumb Code     0  startup_stm32u575xx.o(.text)
    OCTOSPI1_IRQHandler                      0x08000321   Thumb Code     0  startup_stm32u575xx.o(.text)
    OCTOSPI2_IRQHandler                      0x08000321   Thumb Code     0  startup_stm32u575xx.o(.text)
    OTG_FS_IRQHandler                        0x08000321   Thumb Code     0  startup_stm32u575xx.o(.text)
    PVD_PVM_IRQHandler                       0x08000321   Thumb Code     0  startup_stm32u575xx.o(.text)
    PWR_S3WU_IRQHandler                      0x08000321   Thumb Code     0  startup_stm32u575xx.o(.text)
    RAMCFG_IRQHandler                        0x08000321   Thumb Code     0  startup_stm32u575xx.o(.text)
    RCC_IRQHandler                           0x08000321   Thumb Code     0  startup_stm32u575xx.o(.text)
    RCC_S_IRQHandler                         0x08000321   Thumb Code     0  startup_stm32u575xx.o(.text)
    RNG_IRQHandler                           0x08000321   Thumb Code     0  startup_stm32u575xx.o(.text)
    RTC_IRQHandler                           0x08000321   Thumb Code     0  startup_stm32u575xx.o(.text)
    RTC_S_IRQHandler                         0x08000321   Thumb Code     0  startup_stm32u575xx.o(.text)
    SAI1_IRQHandler                          0x08000321   Thumb Code     0  startup_stm32u575xx.o(.text)
    SAI2_IRQHandler                          0x08000321   Thumb Code     0  startup_stm32u575xx.o(.text)
    SDMMC1_IRQHandler                        0x08000321   Thumb Code     0  startup_stm32u575xx.o(.text)
    SDMMC2_IRQHandler                        0x08000321   Thumb Code     0  startup_stm32u575xx.o(.text)
    SPI1_IRQHandler                          0x08000321   Thumb Code     0  startup_stm32u575xx.o(.text)
    SPI2_IRQHandler                          0x08000321   Thumb Code     0  startup_stm32u575xx.o(.text)
    SPI3_IRQHandler                          0x08000321   Thumb Code     0  startup_stm32u575xx.o(.text)
    TAMP_IRQHandler                          0x08000321   Thumb Code     0  startup_stm32u575xx.o(.text)
    TIM15_IRQHandler                         0x08000321   Thumb Code     0  startup_stm32u575xx.o(.text)
    TIM16_IRQHandler                         0x08000321   Thumb Code     0  startup_stm32u575xx.o(.text)
    TIM17_IRQHandler                         0x08000321   Thumb Code     0  startup_stm32u575xx.o(.text)
    TIM1_BRK_IRQHandler                      0x08000321   Thumb Code     0  startup_stm32u575xx.o(.text)
    TIM1_CC_IRQHandler                       0x08000321   Thumb Code     0  startup_stm32u575xx.o(.text)
    TIM1_TRG_COM_IRQHandler                  0x08000321   Thumb Code     0  startup_stm32u575xx.o(.text)
    TIM1_UP_IRQHandler                       0x08000321   Thumb Code     0  startup_stm32u575xx.o(.text)
    TIM2_IRQHandler                          0x08000321   Thumb Code     0  startup_stm32u575xx.o(.text)
    TIM3_IRQHandler                          0x08000321   Thumb Code     0  startup_stm32u575xx.o(.text)
    TIM4_IRQHandler                          0x08000321   Thumb Code     0  startup_stm32u575xx.o(.text)
    TIM5_IRQHandler                          0x08000321   Thumb Code     0  startup_stm32u575xx.o(.text)
    TIM6_IRQHandler                          0x08000321   Thumb Code     0  startup_stm32u575xx.o(.text)
    TIM7_IRQHandler                          0x08000321   Thumb Code     0  startup_stm32u575xx.o(.text)
    TIM8_BRK_IRQHandler                      0x08000321   Thumb Code     0  startup_stm32u575xx.o(.text)
    TIM8_CC_IRQHandler                       0x08000321   Thumb Code     0  startup_stm32u575xx.o(.text)
    TIM8_TRG_COM_IRQHandler                  0x08000321   Thumb Code     0  startup_stm32u575xx.o(.text)
    TIM8_UP_IRQHandler                       0x08000321   Thumb Code     0  startup_stm32u575xx.o(.text)
    TSC_IRQHandler                           0x08000321   Thumb Code     0  startup_stm32u575xx.o(.text)
    UART4_IRQHandler                         0x08000321   Thumb Code     0  startup_stm32u575xx.o(.text)
    UART5_IRQHandler                         0x08000321   Thumb Code     0  startup_stm32u575xx.o(.text)
    UCPD1_IRQHandler                         0x08000321   Thumb Code     0  startup_stm32u575xx.o(.text)
    USART2_IRQHandler                        0x08000321   Thumb Code     0  startup_stm32u575xx.o(.text)
    WWDG_IRQHandler                          0x08000321   Thumb Code     0  startup_stm32u575xx.o(.text)
    __user_initial_stackheap                 0x08000325   Thumb Code    10  startup_stm32u575xx.o(.text)
    __aeabi_uldivmod                         0x08000349   Thumb Code     0  lludivv7m.o(.text)
    _ll_udiv                                 0x08000349   Thumb Code   240  lludivv7m.o(.text)
    __aeabi_memcpy                           0x08000439   Thumb Code     0  rt_memcpy_v6.o(.text)
    __rt_memcpy                              0x08000439   Thumb Code   138  rt_memcpy_v6.o(.text)
    _memcpy_lastbytes                        0x0800049f   Thumb Code     0  rt_memcpy_v6.o(.text)
    __aeabi_memclr4                          0x080004c3   Thumb Code     0  rt_memclr_w.o(.text)
    __aeabi_memclr8                          0x080004c3   Thumb Code     0  rt_memclr_w.o(.text)
    __rt_memclr_w                            0x080004c3   Thumb Code     0  rt_memclr_w.o(.text)
    _memset_w                                0x080004c7   Thumb Code    74  rt_memclr_w.o(.text)
    __use_two_region_memory                  0x08000511   Thumb Code     2  heapauxi.o(.text)
    __rt_heap_escrow$2region                 0x08000513   Thumb Code     2  heapauxi.o(.text)
    __rt_heap_expand$2region                 0x08000515   Thumb Code     2  heapauxi.o(.text)
    __aeabi_memcpy4                          0x08000517   Thumb Code     0  rt_memcpy_w.o(.text)
    __aeabi_memcpy8                          0x08000517   Thumb Code     0  rt_memcpy_w.o(.text)
    __rt_memcpy_w                            0x08000517   Thumb Code   100  rt_memcpy_w.o(.text)
    _memcpy_lastbytes_aligned                0x0800055f   Thumb Code     0  rt_memcpy_w.o(.text)
    __user_setup_stackheap                   0x0800057b   Thumb Code    74  sys_stackheap_outer.o(.text)
    exit                                     0x080005c5   Thumb Code    18  exit.o(.text)
    __user_libspace                          0x080005d9   Thumb Code     8  libspace.o(.text)
    __user_perproc_libspace                  0x080005d9   Thumb Code     0  libspace.o(.text)
    __user_perthread_libspace                0x080005d9   Thumb Code     0  libspace.o(.text)
    _sys_exit                                0x080005e1   Thumb Code     8  sys_exit.o(.text)
    __I$use$semihosting                      0x080005ed   Thumb Code     0  use_no_semi.o(.text)
    __use_no_semihosting_swi                 0x080005ed   Thumb Code     2  use_no_semi.o(.text)
    __semihosting_library_function           0x080005ef   Thumb Code     0  indicate_semi.o(.text)
    BusFault_Handler                         0x080005f1   Thumb Code     2  stm32u5xx_it.o(.text.BusFault_Handler)
    DebugMon_Handler                         0x080005f5   Thumb Code     2  stm32u5xx_it.o(.text.DebugMon_Handler)
    Error_Handler                            0x080005f9   Thumb Code     6  main.o(.text.Error_Handler)
    HAL_DMA_Abort                            0x08000601   Thumb Code   168  stm32u5xx_hal_dma.o(.text.HAL_DMA_Abort)
    HAL_DMA_Abort_IT                         0x080006a9   Thumb Code    40  stm32u5xx_hal_dma.o(.text.HAL_DMA_Abort_IT)
    HAL_Delay                                0x080006d1   Thumb Code    40  stm32u5xx_hal.o(.text.HAL_Delay)
    HAL_GPIO_Init                            0x080006f9   Thumb Code   578  stm32u5xx_hal_gpio.o(.text.HAL_GPIO_Init)
    HAL_GetTick                              0x0800093d   Thumb Code    12  stm32u5xx_hal.o(.text.HAL_GetTick)
    HAL_IncTick                              0x08000949   Thumb Code    26  stm32u5xx_hal.o(.text.HAL_IncTick)
    HAL_Init                                 0x08000965   Thumb Code    92  stm32u5xx_hal.o(.text.HAL_Init)
    HAL_InitTick                             0x080009c1   Thumb Code   168  stm32u5xx_hal.o(.text.HAL_InitTick)
    HAL_MspInit                              0x08000a69   Thumb Code    32  stm32u5xx_hal_msp.o(.text.HAL_MspInit)
    HAL_NVIC_DisableIRQ                      0x08000a89   Thumb Code    42  stm32u5xx_hal_cortex.o(.text.HAL_NVIC_DisableIRQ)
    HAL_NVIC_EnableIRQ                       0x08000ab5   Thumb Code    34  stm32u5xx_hal_cortex.o(.text.HAL_NVIC_EnableIRQ)
    HAL_NVIC_SetPriority                     0x08000ad9   Thumb Code    86  stm32u5xx_hal_cortex.o(.text.HAL_NVIC_SetPriority)
    HAL_NVIC_SetPriorityGrouping             0x08000b31   Thumb Code    32  stm32u5xx_hal_cortex.o(.text.HAL_NVIC_SetPriorityGrouping)
    HAL_PWREx_ControlVoltageScaling          0x08000b51   Thumb Code   250  stm32u5xx_hal_pwr_ex.o(.text.HAL_PWREx_ControlVoltageScaling)
    HAL_PWREx_GetVoltageRange                0x08000c4d   Thumb Code    16  stm32u5xx_hal_pwr_ex.o(.text.HAL_PWREx_GetVoltageRange)
    HAL_RCCEx_GetPLL1ClockFreq               0x08000c5d   Thumb Code   380  stm32u5xx_hal_rcc_ex.o(.text.HAL_RCCEx_GetPLL1ClockFreq)
    HAL_RCCEx_GetPLL2ClockFreq               0x08000de1   Thumb Code   380  stm32u5xx_hal_rcc_ex.o(.text.HAL_RCCEx_GetPLL2ClockFreq)
    HAL_RCCEx_GetPLL3ClockFreq               0x08000f65   Thumb Code   380  stm32u5xx_hal_rcc_ex.o(.text.HAL_RCCEx_GetPLL3ClockFreq)
    HAL_RCCEx_GetPeriphCLKFreq               0x080010e9   Thumb Code  2278  stm32u5xx_hal_rcc_ex.o(.text.HAL_RCCEx_GetPeriphCLKFreq)
    HAL_RCCEx_PeriphCLKConfig                0x080019d1   Thumb Code  1458  stm32u5xx_hal_rcc_ex.o(.text.HAL_RCCEx_PeriphCLKConfig)
    HAL_RCC_ClockConfig                      0x08001f85   Thumb Code   762  stm32u5xx_hal_rcc.o(.text.HAL_RCC_ClockConfig)
    HAL_RCC_GetHCLKFreq                      0x08002281   Thumb Code    44  stm32u5xx_hal_rcc.o(.text.HAL_RCC_GetHCLKFreq)
    HAL_RCC_GetPCLK1Freq                     0x080022ad   Thumb Code    62  stm32u5xx_hal_rcc.o(.text.HAL_RCC_GetPCLK1Freq)
    HAL_RCC_GetPCLK2Freq                     0x080022ed   Thumb Code    62  stm32u5xx_hal_rcc.o(.text.HAL_RCC_GetPCLK2Freq)
    HAL_RCC_GetPCLK3Freq                     0x0800232d   Thumb Code    62  stm32u5xx_hal_rcc.o(.text.HAL_RCC_GetPCLK3Freq)
    HAL_RCC_GetSysClockFreq                  0x0800236d   Thumb Code   252  stm32u5xx_hal_rcc.o(.text.HAL_RCC_GetSysClockFreq)
    HAL_RCC_OscConfig                        0x08002475   Thumb Code  2936  stm32u5xx_hal_rcc.o(.text.HAL_RCC_OscConfig)
    HAL_SYSTICK_CLKSourceConfig              0x08002fed   Thumb Code   118  stm32u5xx_hal_cortex.o(.text.HAL_SYSTICK_CLKSourceConfig)
    HAL_SYSTICK_Config                       0x08003065   Thumb Code    36  stm32u5xx_hal_cortex.o(.text.HAL_SYSTICK_Config)
    HAL_SYSTICK_GetCLKSourceConfig           0x08003089   Thumb Code    40  stm32u5xx_hal_cortex.o(.text.HAL_SYSTICK_GetCLKSourceConfig)
    HAL_UARTEx_DisableFifoMode               0x080030c1   Thumb Code    54  stm32u5xx_hal_uart_ex.o(.text.HAL_UARTEx_DisableFifoMode)
    HAL_UARTEx_RxEventCallback               0x080030f9   Thumb Code     2  stm32u5xx_hal_uart.o(.text.HAL_UARTEx_RxEventCallback)
    HAL_UARTEx_RxFifoFullCallback            0x080030fd   Thumb Code     2  stm32u5xx_hal_uart_ex.o(.text.HAL_UARTEx_RxFifoFullCallback)
    HAL_UARTEx_SetRxFifoThreshold            0x08003101   Thumb Code   140  stm32u5xx_hal_uart_ex.o(.text.HAL_UARTEx_SetRxFifoThreshold)
    HAL_UARTEx_SetTxFifoThreshold            0x0800318d   Thumb Code   140  stm32u5xx_hal_uart_ex.o(.text.HAL_UARTEx_SetTxFifoThreshold)
    HAL_UARTEx_TxFifoEmptyCallback           0x08003219   Thumb Code     2  stm32u5xx_hal_uart_ex.o(.text.HAL_UARTEx_TxFifoEmptyCallback)
    HAL_UART_ErrorCallback                   0x0800321d   Thumb Code     2  stm32u5xx_hal_uart.o(.text.HAL_UART_ErrorCallback)
    HAL_UART_IRQHandler                      0x08003221   Thumb Code  1436  stm32u5xx_hal_uart.o(.text.HAL_UART_IRQHandler)
    HAL_UART_Init                            0x080037bd   Thumb Code   100  stm32u5xx_hal_uart.o(.text.HAL_UART_Init)
    HAL_UART_MspInit                         0x08003821   Thumb Code   244  stm32u5xx_hal_msp.o(.text.HAL_UART_MspInit)
    HAL_UART_Receive                         0x08003915   Thumb Code   262  stm32u5xx_hal_uart.o(.text.HAL_UART_Receive)
    HAL_UART_Transmit                        0x08003a1d   Thumb Code   424  stm32u5xx_hal_uart.o(.text.HAL_UART_Transmit)
    HAL_UART_TxCpltCallback                  0x08003bc5   Thumb Code     2  stm32u5xx_hal_uart.o(.text.HAL_UART_TxCpltCallback)
    HardFault_Handler                        0x08003bc9   Thumb Code     2  stm32u5xx_it.o(.text.HardFault_Handler)
    MemManage_Handler                        0x08003bcd   Thumb Code     2  stm32u5xx_it.o(.text.MemManage_Handler)
    NMI_Handler                              0x08003bd1   Thumb Code     2  stm32u5xx_it.o(.text.NMI_Handler)
    PendSV_Handler                           0x08003bd5   Thumb Code     2  stm32u5xx_it.o(.text.PendSV_Handler)
    SVC_Handler                              0x08003dc1   Thumb Code     2  stm32u5xx_it.o(.text.SVC_Handler)
    SysTick_Handler                          0x08003dc5   Thumb Code     4  stm32u5xx_it.o(.text.SysTick_Handler)
    SystemInit                               0x08003dc9   Thumb Code    76  system_stm32u5xx.o(.text.SystemInit)
    UART_AdvFeatureConfig                    0x08003e15   Thumb Code   230  stm32u5xx_hal_uart.o(.text.UART_AdvFeatureConfig)
    UART_CheckIdleState                      0x08003efd   Thumb Code   362  stm32u5xx_hal_uart.o(.text.UART_CheckIdleState)
    UART_SetConfig                           0x08004075   Thumb Code   522  stm32u5xx_hal_uart.o(.text.UART_SetConfig)
    UART_WaitOnFlagUntilTimeout              0x08004281   Thumb Code   818  stm32u5xx_hal_uart.o(.text.UART_WaitOnFlagUntilTimeout)
    USART1_IRQHandler                        0x080045b5   Thumb Code    12  stm32u5xx_it.o(.text.USART1_IRQHandler)
    USART3_IRQHandler                        0x080045c1   Thumb Code    12  stm32u5xx_it.o(.text.USART3_IRQHandler)
    UsageFault_Handler                       0x080045cd   Thumb Code     2  stm32u5xx_it.o(.text.UsageFault_Handler)
    main                                     0x080045d1   Thumb Code  1784  main.o(.text.main)
    _fp_init                                 0x08004cc9   Thumb Code    26  fpinit.o(x$fpl$fpinit)
    __fplib_config_fpu_vfp                   0x08004ce1   Thumb Code     0  fpinit.o(x$fpl$fpinit)
    __fplib_config_pureend_doubles           0x08004ce1   Thumb Code     0  fpinit.o(x$fpl$fpinit)
    AHBPrescTable                            0x08004ce2   Data          16  system_stm32u5xx.o(.rodata.AHBPrescTable)
    APBPrescTable                            0x08004cf2   Data           8  system_stm32u5xx.o(.rodata.APBPrescTable)
    MSIRangeTable                            0x08004d7c   Data          64  system_stm32u5xx.o(.rodata.MSIRangeTable)
    UARTPrescTable                           0x08004dbc   Data          24  stm32u5xx_hal_uart.o(.rodata.UARTPrescTable)
    Region$$Table$$Base                      0x08004de4   Number         0  anon$$obj.o(Region$$Table)
    Region$$Table$$Limit                     0x08004e04   Number         0  anon$$obj.o(Region$$Table)
    uwTickFreq                               0x20000000   Data           1  stm32u5xx_hal.o(.data..L_MergedGlobals)
    uwTickPrio                               0x20000004   Data           4  stm32u5xx_hal.o(.data..L_MergedGlobals)
    SystemCoreClock                          0x20000008   Data           4  system_stm32u5xx.o(.data.SystemCoreClock)
    __libspace_start                         0x20000010   Data          96  libspace.o(.bss)
    __temporary_stack_top$libspace           0x20000070   Data           0  libspace.o(.bss)
    huart1                                   0x20000098   Data         148  main.o(.bss.huart1)
    huart3                                   0x2000012c   Data         148  main.o(.bss.huart3)
    uwTick                                   0x200001c0   Data           4  stm32u5xx_hal.o(.bss.uwTick)



==============================================================================

Memory Map of the image

  Image Entry point : 0x08000239

  Load Region LR_IROM1 (Base: 0x08000000, Size: 0x00004e18, Max: 0x00100000, ABSOLUTE)

    Execution Region ER_IROM1 (Exec base: 0x08000000, Load base: 0x08000000, Size: 0x00004e04, Max: 0x00100000, ABSOLUTE)

    Exec Addr    Load Addr    Size         Type   Attr      Idx    E Section Name        Object

    0x08000000   0x08000000   0x00000238   Data   RO            3    RESET               startup_stm32u575xx.o
    0x08000238   0x08000238   0x00000008   Code   RO          986  * !!!main             c_w.l(__main.o)
    0x08000240   0x08000240   0x0000005c   Code   RO         1163    !!!scatter          c_w.l(__scatter.o)
    0x0800029c   0x0800029c   0x0000001a   Code   RO         1167    !!handler_copy      c_w.l(__scatter_copy.o)
    0x080002b6   0x080002b6   0x00000002   PAD
    0x080002b8   0x080002b8   0x00000002   Code   RO         1164    !!handler_null      c_w.l(__scatter.o)
    0x080002ba   0x080002ba   0x00000002   PAD
    0x080002bc   0x080002bc   0x0000001c   Code   RO         1169    !!handler_zi        c_w.l(__scatter_zi.o)
    0x080002d8   0x080002d8   0x00000002   Code   RO         1025    .ARM.Collect$$libinit$$00000000  c_w.l(libinit.o)
    0x080002da   0x080002da   0x00000004   Code   RO         1037    .ARM.Collect$$libinit$$00000001  c_w.l(libinit2.o)
    0x080002de   0x080002de   0x00000000   Code   RO         1040    .ARM.Collect$$libinit$$00000004  c_w.l(libinit2.o)
    0x080002de   0x080002de   0x00000000   Code   RO         1042    .ARM.Collect$$libinit$$00000006  c_w.l(libinit2.o)
    0x080002de   0x080002de   0x00000000   Code   RO         1045    .ARM.Collect$$libinit$$0000000C  c_w.l(libinit2.o)
    0x080002de   0x080002de   0x00000000   Code   RO         1047    .ARM.Collect$$libinit$$0000000E  c_w.l(libinit2.o)
    0x080002de   0x080002de   0x00000000   Code   RO         1049    .ARM.Collect$$libinit$$00000010  c_w.l(libinit2.o)
    0x080002de   0x080002de   0x00000000   Code   RO         1052    .ARM.Collect$$libinit$$00000013  c_w.l(libinit2.o)
    0x080002de   0x080002de   0x00000000   Code   RO         1054    .ARM.Collect$$libinit$$00000015  c_w.l(libinit2.o)
    0x080002de   0x080002de   0x00000000   Code   RO         1056    .ARM.Collect$$libinit$$00000017  c_w.l(libinit2.o)
    0x080002de   0x080002de   0x00000000   Code   RO         1058    .ARM.Collect$$libinit$$00000019  c_w.l(libinit2.o)
    0x080002de   0x080002de   0x00000000   Code   RO         1060    .ARM.Collect$$libinit$$0000001B  c_w.l(libinit2.o)
    0x080002de   0x080002de   0x00000000   Code   RO         1062    .ARM.Collect$$libinit$$0000001D  c_w.l(libinit2.o)
    0x080002de   0x080002de   0x00000000   Code   RO         1064    .ARM.Collect$$libinit$$0000001F  c_w.l(libinit2.o)
    0x080002de   0x080002de   0x00000000   Code   RO         1066    .ARM.Collect$$libinit$$00000021  c_w.l(libinit2.o)
    0x080002de   0x080002de   0x00000000   Code   RO         1068    .ARM.Collect$$libinit$$00000023  c_w.l(libinit2.o)
    0x080002de   0x080002de   0x00000000   Code   RO         1070    .ARM.Collect$$libinit$$00000025  c_w.l(libinit2.o)
    0x080002de   0x080002de   0x00000000   Code   RO         1072    .ARM.Collect$$libinit$$00000027  c_w.l(libinit2.o)
    0x080002de   0x080002de   0x00000000   Code   RO         1076    .ARM.Collect$$libinit$$0000002E  c_w.l(libinit2.o)
    0x080002de   0x080002de   0x00000000   Code   RO         1078    .ARM.Collect$$libinit$$00000030  c_w.l(libinit2.o)
    0x080002de   0x080002de   0x00000000   Code   RO         1080    .ARM.Collect$$libinit$$00000032  c_w.l(libinit2.o)
    0x080002de   0x080002de   0x00000000   Code   RO         1082    .ARM.Collect$$libinit$$00000034  c_w.l(libinit2.o)
    0x080002de   0x080002de   0x00000002   Code   RO         1083    .ARM.Collect$$libinit$$00000035  c_w.l(libinit2.o)
    0x080002e0   0x080002e0   0x00000002   Code   RO         1118    .ARM.Collect$$libshutdown$$00000000  c_w.l(libshutdown.o)
    0x080002e2   0x080002e2   0x00000000   Code   RO         1146    .ARM.Collect$$libshutdown$$00000002  c_w.l(libshutdown2.o)
    0x080002e2   0x080002e2   0x00000000   Code   RO         1148    .ARM.Collect$$libshutdown$$00000004  c_w.l(libshutdown2.o)
    0x080002e2   0x080002e2   0x00000000   Code   RO         1151    .ARM.Collect$$libshutdown$$00000007  c_w.l(libshutdown2.o)
    0x080002e2   0x080002e2   0x00000000   Code   RO         1154    .ARM.Collect$$libshutdown$$0000000A  c_w.l(libshutdown2.o)
    0x080002e2   0x080002e2   0x00000000   Code   RO         1156    .ARM.Collect$$libshutdown$$0000000C  c_w.l(libshutdown2.o)
    0x080002e2   0x080002e2   0x00000000   Code   RO         1159    .ARM.Collect$$libshutdown$$0000000F  c_w.l(libshutdown2.o)
    0x080002e2   0x080002e2   0x00000002   Code   RO         1160    .ARM.Collect$$libshutdown$$00000010  c_w.l(libshutdown2.o)
    0x080002e4   0x080002e4   0x00000000   Code   RO          988    .ARM.Collect$$rtentry$$00000000  c_w.l(__rtentry.o)
    0x080002e4   0x080002e4   0x00000000   Code   RO          996    .ARM.Collect$$rtentry$$00000002  c_w.l(__rtentry2.o)
    0x080002e4   0x080002e4   0x00000006   Code   RO         1008    .ARM.Collect$$rtentry$$00000004  c_w.l(__rtentry4.o)
    0x080002ea   0x080002ea   0x00000000   Code   RO          998    .ARM.Collect$$rtentry$$00000009  c_w.l(__rtentry2.o)
    0x080002ea   0x080002ea   0x00000004   Code   RO          999    .ARM.Collect$$rtentry$$0000000A  c_w.l(__rtentry2.o)
    0x080002ee   0x080002ee   0x00000000   Code   RO         1001    .ARM.Collect$$rtentry$$0000000C  c_w.l(__rtentry2.o)
    0x080002ee   0x080002ee   0x00000008   Code   RO         1002    .ARM.Collect$$rtentry$$0000000D  c_w.l(__rtentry2.o)
    0x080002f6   0x080002f6   0x00000002   Code   RO         1029    .ARM.Collect$$rtexit$$00000000  c_w.l(rtexit.o)
    0x080002f8   0x080002f8   0x00000000   Code   RO         1089    .ARM.Collect$$rtexit$$00000002  c_w.l(rtexit2.o)
    0x080002f8   0x080002f8   0x00000004   Code   RO         1090    .ARM.Collect$$rtexit$$00000003  c_w.l(rtexit2.o)
    0x080002fc   0x080002fc   0x00000006   Code   RO         1091    .ARM.Collect$$rtexit$$00000004  c_w.l(rtexit2.o)
    0x08000302   0x08000302   0x00000002   PAD
    0x08000304   0x08000304   0x00000044   Code   RO            4    .text               startup_stm32u575xx.o
    0x08000348   0x08000348   0x000000f0   Code   RO          978    .text               c_w.l(lludivv7m.o)
    0x08000438   0x08000438   0x0000008a   Code   RO          980    .text               c_w.l(rt_memcpy_v6.o)
    0x080004c2   0x080004c2   0x0000004e   Code   RO          982    .text               c_w.l(rt_memclr_w.o)
    0x08000510   0x08000510   0x00000006   Code   RO          984    .text               c_w.l(heapauxi.o)
    0x08000516   0x08000516   0x00000064   Code   RO          993    .text               c_w.l(rt_memcpy_w.o)
    0x0800057a   0x0800057a   0x0000004a   Code   RO         1012    .text               c_w.l(sys_stackheap_outer.o)
    0x080005c4   0x080005c4   0x00000012   Code   RO         1014    .text               c_w.l(exit.o)
    0x080005d6   0x080005d6   0x00000002   PAD
    0x080005d8   0x080005d8   0x00000008   Code   RO         1026    .text               c_w.l(libspace.o)
    0x080005e0   0x080005e0   0x0000000c   Code   RO         1084    .text               c_w.l(sys_exit.o)
    0x080005ec   0x080005ec   0x00000002   Code   RO         1107    .text               c_w.l(use_no_semi.o)
    0x080005ee   0x080005ee   0x00000000   Code   RO         1109    .text               c_w.l(indicate_semi.o)
    0x080005ee   0x080005ee   0x00000002   PAD
    0x080005f0   0x080005f0   0x00000002   Code   RO           35    .text.BusFault_Handler  stm32u5xx_it.o
    0x080005f2   0x080005f2   0x00000002   PAD
    0x080005f4   0x080005f4   0x00000002   Code   RO           41    .text.DebugMon_Handler  stm32u5xx_it.o
    0x080005f6   0x080005f6   0x00000002   PAD
    0x080005f8   0x080005f8   0x00000006   Code   RO           15    .text.Error_Handler  main.o
    0x080005fe   0x080005fe   0x00000002   PAD
    0x08000600   0x08000600   0x000000a8   Code   RO          454    .text.HAL_DMA_Abort  stm32u5xx_hal_dma.o
    0x080006a8   0x080006a8   0x00000028   Code   RO          456    .text.HAL_DMA_Abort_IT  stm32u5xx_hal_dma.o
    0x080006d0   0x080006d0   0x00000028   Code   RO          146    .text.HAL_Delay     stm32u5xx_hal.o
    0x080006f8   0x080006f8   0x00000242   Code   RO          413    .text.HAL_GPIO_Init  stm32u5xx_hal_gpio.o
    0x0800093a   0x0800093a   0x00000002   PAD
    0x0800093c   0x0800093c   0x0000000c   Code   RO          138    .text.HAL_GetTick   stm32u5xx_hal.o
    0x08000948   0x08000948   0x0000001a   Code   RO          136    .text.HAL_IncTick   stm32u5xx_hal.o
    0x08000962   0x08000962   0x00000002   PAD
    0x08000964   0x08000964   0x0000005c   Code   RO          126    .text.HAL_Init      stm32u5xx_hal.o
    0x080009c0   0x080009c0   0x000000a8   Code   RO          128    .text.HAL_InitTick  stm32u5xx_hal.o
    0x08000a68   0x08000a68   0x00000020   Code   RO           58    .text.HAL_MspInit   stm32u5xx_hal_msp.o
    0x08000a88   0x08000a88   0x0000002a   Code   RO           78    .text.HAL_NVIC_DisableIRQ  stm32u5xx_hal_cortex.o
    0x08000ab2   0x08000ab2   0x00000002   PAD
    0x08000ab4   0x08000ab4   0x00000022   Code   RO           76    .text.HAL_NVIC_EnableIRQ  stm32u5xx_hal_cortex.o
    0x08000ad6   0x08000ad6   0x00000002   PAD
    0x08000ad8   0x08000ad8   0x00000056   Code   RO           74    .text.HAL_NVIC_SetPriority  stm32u5xx_hal_cortex.o
    0x08000b2e   0x08000b2e   0x00000002   PAD
    0x08000b30   0x08000b30   0x00000020   Code   RO           72    .text.HAL_NVIC_SetPriorityGrouping  stm32u5xx_hal_cortex.o
    0x08000b50   0x08000b50   0x000000fa   Code   RO          641    .text.HAL_PWREx_ControlVoltageScaling  stm32u5xx_hal_pwr_ex.o
    0x08000c4a   0x08000c4a   0x00000002   PAD
    0x08000c4c   0x08000c4c   0x00000010   Code   RO          643    .text.HAL_PWREx_GetVoltageRange  stm32u5xx_hal_pwr_ex.o
    0x08000c5c   0x08000c5c   0x00000184   Code   RO          264    .text.HAL_RCCEx_GetPLL1ClockFreq  stm32u5xx_hal_rcc_ex.o
    0x08000de0   0x08000de0   0x00000184   Code   RO          266    .text.HAL_RCCEx_GetPLL2ClockFreq  stm32u5xx_hal_rcc_ex.o
    0x08000f64   0x08000f64   0x00000184   Code   RO          268    .text.HAL_RCCEx_GetPLL3ClockFreq  stm32u5xx_hal_rcc_ex.o
    0x080010e8   0x080010e8   0x000008e6   Code   RO          270    .text.HAL_RCCEx_GetPeriphCLKFreq  stm32u5xx_hal_rcc_ex.o
    0x080019ce   0x080019ce   0x00000002   PAD
    0x080019d0   0x080019d0   0x000005b2   Code   RO          256    .text.HAL_RCCEx_PeriphCLKConfig  stm32u5xx_hal_rcc_ex.o
    0x08001f82   0x08001f82   0x00000002   PAD
    0x08001f84   0x08001f84   0x000002fa   Code   RO          220    .text.HAL_RCC_ClockConfig  stm32u5xx_hal_rcc.o
    0x0800227e   0x0800227e   0x00000002   PAD
    0x08002280   0x08002280   0x0000002c   Code   RO          218    .text.HAL_RCC_GetHCLKFreq  stm32u5xx_hal_rcc.o
    0x080022ac   0x080022ac   0x0000003e   Code   RO          226    .text.HAL_RCC_GetPCLK1Freq  stm32u5xx_hal_rcc.o
    0x080022ea   0x080022ea   0x00000002   PAD
    0x080022ec   0x080022ec   0x0000003e   Code   RO          228    .text.HAL_RCC_GetPCLK2Freq  stm32u5xx_hal_rcc.o
    0x0800232a   0x0800232a   0x00000002   PAD
    0x0800232c   0x0800232c   0x0000003e   Code   RO          230    .text.HAL_RCC_GetPCLK3Freq  stm32u5xx_hal_rcc.o
    0x0800236a   0x0800236a   0x00000002   PAD
    0x0800236c   0x0800236c   0x00000108   Code   RO          222    .text.HAL_RCC_GetSysClockFreq  stm32u5xx_hal_rcc.o
    0x08002474   0x08002474   0x00000b78   Code   RO          216    .text.HAL_RCC_OscConfig  stm32u5xx_hal_rcc.o
    0x08002fec   0x08002fec   0x00000076   Code   RO           98    .text.HAL_SYSTICK_CLKSourceConfig  stm32u5xx_hal_cortex.o
    0x08003062   0x08003062   0x00000002   PAD
    0x08003064   0x08003064   0x00000024   Code   RO           84    .text.HAL_SYSTICK_Config  stm32u5xx_hal_cortex.o
    0x08003088   0x08003088   0x00000038   Code   RO          100    .text.HAL_SYSTICK_GetCLKSourceConfig  stm32u5xx_hal_cortex.o
    0x080030c0   0x080030c0   0x00000036   Code   RO          932    .text.HAL_UARTEx_DisableFifoMode  stm32u5xx_hal_uart_ex.o
    0x080030f6   0x080030f6   0x00000002   PAD
    0x080030f8   0x080030f8   0x00000002   Code   RO          863    .text.HAL_UARTEx_RxEventCallback  stm32u5xx_hal_uart.o
    0x080030fa   0x080030fa   0x00000002   PAD
    0x080030fc   0x080030fc   0x00000002   Code   RO          918    .text.HAL_UARTEx_RxFifoFullCallback  stm32u5xx_hal_uart_ex.o
    0x080030fe   0x080030fe   0x00000002   PAD
    0x08003100   0x08003100   0x0000008c   Code   RO          936    .text.HAL_UARTEx_SetRxFifoThreshold  stm32u5xx_hal_uart_ex.o
    0x0800318c   0x0800318c   0x0000008c   Code   RO          934    .text.HAL_UARTEx_SetTxFifoThreshold  stm32u5xx_hal_uart_ex.o
    0x08003218   0x08003218   0x00000002   Code   RO          920    .text.HAL_UARTEx_TxFifoEmptyCallback  stm32u5xx_hal_uart_ex.o
    0x0800321a   0x0800321a   0x00000002   PAD
    0x0800321c   0x0800321c   0x00000002   Code   RO          861    .text.HAL_UART_ErrorCallback  stm32u5xx_hal_uart.o
    0x0800321e   0x0800321e   0x00000002   PAD
    0x08003220   0x08003220   0x0000059c   Code   RO          857    .text.HAL_UART_IRQHandler  stm32u5xx_hal_uart.o
    0x080037bc   0x080037bc   0x00000064   Code   RO          773    .text.HAL_UART_Init  stm32u5xx_hal_uart.o
    0x08003820   0x08003820   0x000000f4   Code   RO           60    .text.HAL_UART_MspInit  stm32u5xx_hal_msp.o
    0x08003914   0x08003914   0x00000106   Code   RO          797    .text.HAL_UART_Receive  stm32u5xx_hal_uart.o
    0x08003a1a   0x08003a1a   0x00000002   PAD
    0x08003a1c   0x08003a1c   0x000001a8   Code   RO          793    .text.HAL_UART_Transmit  stm32u5xx_hal_uart.o
    0x08003bc4   0x08003bc4   0x00000002   Code   RO          865    .text.HAL_UART_TxCpltCallback  stm32u5xx_hal_uart.o
    0x08003bc6   0x08003bc6   0x00000002   PAD
    0x08003bc8   0x08003bc8   0x00000002   Code   RO           31    .text.HardFault_Handler  stm32u5xx_it.o
    0x08003bca   0x08003bca   0x00000002   PAD
    0x08003bcc   0x08003bcc   0x00000002   Code   RO           33    .text.MemManage_Handler  stm32u5xx_it.o
    0x08003bce   0x08003bce   0x00000002   PAD
    0x08003bd0   0x08003bd0   0x00000002   Code   RO           29    .text.NMI_Handler   stm32u5xx_it.o
    0x08003bd2   0x08003bd2   0x00000002   PAD
    0x08003bd4   0x08003bd4   0x00000002   Code   RO           43    .text.PendSV_Handler  stm32u5xx_it.o
    0x08003bd6   0x08003bd6   0x00000002   PAD
    0x08003bd8   0x08003bd8   0x000000f2   Code   RO          258    .text.RCCEx_PLL2_Config  stm32u5xx_hal_rcc_ex.o
    0x08003cca   0x08003cca   0x00000002   PAD
    0x08003ccc   0x08003ccc   0x000000f2   Code   RO          260    .text.RCCEx_PLL3_Config  stm32u5xx_hal_rcc_ex.o
    0x08003dbe   0x08003dbe   0x00000002   PAD
    0x08003dc0   0x08003dc0   0x00000002   Code   RO           39    .text.SVC_Handler   stm32u5xx_it.o
    0x08003dc2   0x08003dc2   0x00000002   PAD
    0x08003dc4   0x08003dc4   0x00000004   Code   RO           45    .text.SysTick_Handler  stm32u5xx_it.o
    0x08003dc8   0x08003dc8   0x0000004c   Code   RO          961    .text.SystemInit    system_stm32u5xx.o
    0x08003e14   0x08003e14   0x000000e6   Code   RO          777    .text.UART_AdvFeatureConfig  stm32u5xx_hal_uart.o
    0x08003efa   0x08003efa   0x00000002   PAD
    0x08003efc   0x08003efc   0x0000016a   Code   RO          781    .text.UART_CheckIdleState  stm32u5xx_hal_uart.o
    0x08004066   0x08004066   0x00000002   PAD
    0x08004068   0x08004068   0x0000000c   Code   RO          859    .text.UART_DMAAbortOnError  stm32u5xx_hal_uart.o
    0x08004074   0x08004074   0x0000020a   Code   RO          779    .text.UART_SetConfig  stm32u5xx_hal_uart.o
    0x0800427e   0x0800427e   0x00000002   PAD
    0x08004280   0x08004280   0x00000332   Code   RO          795    .text.UART_WaitOnFlagUntilTimeout  stm32u5xx_hal_uart.o
    0x080045b2   0x080045b2   0x00000002   PAD
    0x080045b4   0x080045b4   0x0000000c   Code   RO           47    .text.USART1_IRQHandler  stm32u5xx_it.o
    0x080045c0   0x080045c0   0x0000000c   Code   RO           49    .text.USART3_IRQHandler  stm32u5xx_it.o
    0x080045cc   0x080045cc   0x00000002   Code   RO           37    .text.UsageFault_Handler  stm32u5xx_it.o
    0x080045ce   0x080045ce   0x00000002   PAD
    0x080045d0   0x080045d0   0x000006f8   Code   RO           11    .text.main          main.o
    0x08004cc8   0x08004cc8   0x0000001a   Code   RO         1101    x$fpl$fpinit        fz_wm.l(fpinit.o)
    0x08004ce2   0x08004ce2   0x00000010   Data   RO          966    .rodata.AHBPrescTable  system_stm32u5xx.o
    0x08004cf2   0x08004cf2   0x00000008   Data   RO          967    .rodata.APBPrescTable  system_stm32u5xx.o
    0x08004cfa   0x08004cfa   0x00000002   PAD
    0x08004cfc   0x08004cfc   0x00000080   Data   RO          437    .rodata.LPGPIO_Map  stm32u5xx_hal_gpio.o
    0x08004d7c   0x08004d7c   0x00000040   Data   RO          968    .rodata.MSIRangeTable  system_stm32u5xx.o
    0x08004dbc   0x08004dbc   0x00000018   Data   RO          907    .rodata.UARTPrescTable  stm32u5xx_hal_uart.o
    0x08004dd4   0x08004dd4   0x00000010   Data   RO          952    .rodata.cst8        stm32u5xx_hal_uart_ex.o
    0x08004de4   0x08004de4   0x00000020   Data   RO         1162    Region$$Table       anon$$obj.o


    Execution Region RW_IRAM1 (Exec base: 0x20000000, Load base: 0x08004e08, Size: 0x000007c8, Max: 0x000c0000, ABSOLUTE)

    Exec Addr    Load Addr    Size         Type   Attr      Idx    E Section Name        Object

    0x20000000   0x08004e08   0x00000008   Data   RW          203    .data..L_MergedGlobals  stm32u5xx_hal.o
    0x20000008   0x08004e10   0x00000004   Data   RW          965    .data.SystemCoreClock  system_stm32u5xx.o
    0x2000000c   0x08004e14   0x00000004   PAD
    0x20000010        -       0x00000060   Zero   RW         1027    .bss                c_w.l(libspace.o)
    0x20000070        -       0x00000028   Zero   RW           20    .bss..L_MergedGlobals  main.o
    0x20000098        -       0x00000094   Zero   RW           17    .bss.huart1         main.o
    0x2000012c        -       0x00000094   Zero   RW           18    .bss.huart3         main.o
    0x200001c0        -       0x00000004   Zero   RW          202    .bss.uwTick         stm32u5xx_hal.o
    0x200001c4   0x08004e14   0x00000004   PAD
    0x200001c8        -       0x00000200   Zero   RW            2    HEAP                startup_stm32u575xx.o
    0x200003c8        -       0x00000400   Zero   RW            1    STACK               startup_stm32u575xx.o


==============================================================================

Image component sizes


      Code (inc. data)   RO Data    RW Data    ZI Data      Debug   Object Name

      1790          0          0          0        336      15666   main.o
        68         28        568          0       1536        952   startup_stm32u575xx.o
       338          0          0          8          4      12335   stm32u5xx_hal.o
       404         22          0          0          0      14441   stm32u5xx_hal_cortex.o
       208          0          0          0          0      11440   stm32u5xx_hal_dma.o
       578          0        128          0          0       7087   stm32u5xx_hal_gpio.o
       276          0          0          0          0      11715   stm32u5xx_hal_msp.o
       266          0          0          0          0      14264   stm32u5xx_hal_pwr_ex.o
      4192         12          0          0          0      16171   stm32u5xx_hal_rcc.o
      5384        308          0          0          0      22339   stm32u5xx_hal_rcc_ex.o
      4172          0         24          0          0      40017   stm32u5xx_hal_uart.o
       338          0         16          0          0      12794   stm32u5xx_hal_uart_ex.o
        44          0          0          0          0       5401   stm32u5xx_it.o
        76          0         88          4          0       4479   system_stm32u5xx.o

    ----------------------------------------------------------------------
     18204        370        858         12       1884     189101   Object Totals
         0          0         32          0          0          0   (incl. Generated)
        70          0          2          0          8          0   (incl. Padding)

    ----------------------------------------------------------------------

      Code (inc. data)   RO Data    RW Data    ZI Data      Debug   Library Member Name

         8          0          0          0          0         68   __main.o
         0          0          0          0          0          0   __rtentry.o
        12          0          0          0          0          0   __rtentry2.o
         6          0          0          0          0          0   __rtentry4.o
        94          8          0          0          0          0   __scatter.o
        26          0          0          0          0          0   __scatter_copy.o
        28          0          0          0          0          0   __scatter_zi.o
        18          0          0          0          0         80   exit.o
         6          0          0          0          0        152   heapauxi.o
         0          0          0          0          0          0   indicate_semi.o
         2          0          0          0          0          0   libinit.o
         6          0          0          0          0          0   libinit2.o
         2          0          0          0          0          0   libshutdown.o
         2          0          0          0          0          0   libshutdown2.o
         8          4          0          0         96         68   libspace.o
       240          0          0          0          0        100   lludivv7m.o
        78          0          0          0          0         80   rt_memclr_w.o
       138          0          0          0          0         68   rt_memcpy_v6.o
       100          0          0          0          0         80   rt_memcpy_w.o
         2          0          0          0          0          0   rtexit.o
        10          0          0          0          0          0   rtexit2.o
        12          4          0          0          0         68   sys_exit.o
        74          0          0          0          0         80   sys_stackheap_outer.o
         2          0          0          0          0         68   use_no_semi.o
        26          0          0          0          0        116   fpinit.o

    ----------------------------------------------------------------------
       910         16          0          0         96       1028   Library Totals
        10          0          0          0          0          0   (incl. Padding)

    ----------------------------------------------------------------------

      Code (inc. data)   RO Data    RW Data    ZI Data      Debug   Library Name

       874         16          0          0         96        912   c_w.l
        26          0          0          0          0        116   fz_wm.l

    ----------------------------------------------------------------------
       910         16          0          0         96       1028   Library Totals

    ----------------------------------------------------------------------

==============================================================================


      Code (inc. data)   RO Data    RW Data    ZI Data      Debug   

     19114        386        858         12       1980     189593   Grand Totals
     19114        386        858         12       1980     189593   ELF Image Totals
     19114        386        858         12          0          0   ROM Totals

==============================================================================

    Total RO  Size (Code + RO Data)                19972 (  19.50kB)
    Total RW  Size (RW Data + ZI Data)              1992 (   1.95kB)
    Total ROM Size (Code + RO Data + RW Data)      19984 (  19.52kB)

==============================================================================

